2025-12-18 13:11:53.790 24879-24879 MainActivity            com.launchgo.stage                   D  📞 Bundle[EXTRA_CALLKIT_MISSED_CALL_SUBTITLE]:
2025-12-18 13:11:53.790 24879-24879 MainActivity            com.launchgo.stage                   D  📞 Bundle[EXTRA_CALLKIT_IS_SHOW_CALL_ID]: false
2025-12-18 13:11:53.790 24879-24879 MainActivity            com.launchgo.stage                   D  📞 Bundle[EXTRA_CALLKIT_IS_BOT]: false
2025-12-18 13:11:53.790 24879-24879 MainActivity            com.launchgo.stage                   D  📞 Bundle[EXTRA_TIME_START_CALL]: 1766081511733
2025-12-18 13:11:53.790 24879-24879 MainActivity            com.launchgo.stage                   D  📞 Bundle[EXTRA_CALLKIT_MISSED_CALL_SHOW]: true
2025-12-18 13:11:53.790 24879-24879 MainActivity            com.launchgo.stage                   D  📞 Bundle[EXTRA_CALLKIT_IS_IMPORTANT]: false
2025-12-18 13:11:53.790 24879-24879 MainActivity            com.launchgo.stage                   D  📞 Bundle[EXTRA_CALLKIT_NAME_CALLER]: Yevhen Mentor
2025-12-18 13:11:53.790 24879-24879 MainActivity            com.launchgo.stage                   D  📞 Bundle[EXTRA_CALLKIT_CALLING_SUBTITLE]: null
2025-12-18 13:11:53.790 24879-24879 MainActivity            com.launchgo.stage                   D  📞 Bundle[EXTRA_CALLKIT_BACKGROUND_COLOR]: #0955fa
2025-12-18 13:11:53.790 24879-24879 MainActivity            com.launchgo.stage                   D  📞 Bundle[EXTRA_CALLKIT_HEADERS]: {}
2025-12-18 13:11:53.790 24879-24879 MainActivity            com.launchgo.stage                   D  📞 Found EXTRA_CALLKIT_EXTRA map: {call_cid=default:223372bc-e360-48c1-a0c3-4900c3fe267c_1766081510566, call_id=223372bc-e360-48c1-a0c3-4900c3fe267c_1766081510566}
2025-12-18 13:11:53.790 24879-24879 MainActivity            com.launchgo.stage                   D  📞 Extracted call_id from EXTRA_CALLKIT_EXTRA: 223372bc-e360-48c1-a0c3-4900c3fe267c_1766081510566
2025-12-18 13:11:53.790 24879-24879 MainActivity            com.launchgo.stage                   D  📞 ========================================
2025-12-18 13:11:53.790 24879-24879 MainActivity            com.launchgo.stage                   D  📞 CALL ACCEPTED VIA INTENT - Call ID: 223372bc-e360-48c1-a0c3-4900c3fe267c_1766081510566
2025-12-18 13:11:53.790 24879-24879 MainActivity            com.launchgo.stage                   D  📞 ========================================
2025-12-18 13:11:53.790 24879-24879 MainActivity            com.launchgo.stage                   D  📞 Sending call ID to Flutter immediately
2025-12-18 13:11:53.791 24879-24879 ContentCaptureHelper    com.launchgo.stage                   I  Setting logging level to OFF
2025-12-18 13:11:53.792 24879-24879 FirebaseSessions        com.launchgo.stage                   D  App foregrounded on com.launchgo.stage
2025-12-18 13:11:53.792 24879-24879 FirebaseSessions        com.launchgo.stage                   D  Process com.launchgo.stage is stale
2025-12-18 13:11:53.794 24879-24897 FirebaseSessions        com.launchgo.stage                   D  Cold app start detected
2025-12-18 13:11:53.794 24879-24897 FirebaseSessions        com.launchgo.stage                   D  Process com.launchgo.stage is stale
2025-12-18 13:11:53.797 24879-24897 FirebaseSessions        com.launchgo.stage                   D  Session Event Type: SESSION_START
2025-12-18 13:11:53.797 24879-24897 FirebaseSessions        com.launchgo.stage                   D  Successfully logged Session Start event.
2025-12-18 13:11:53.798 24879-24896 FirebaseSessions        com.launchgo.stage                   D  Notified CRASHLYTICS of new session 0a98061fc21b411897f6c96ea939896f
2025-12-18 13:11:53.801 24879-24879 FlutterGeolocator       com.launchgo.stage                   D  Flutter engine connected. Connected engine count 2
2025-12-18 13:11:53.804 24879-24879 WindowOnBackDispatcher  com.launchgo.stage                   D  setTopOnBackInvokedCallback (unwrapped): android.app.Activity$$ExternalSyntheticLambda0@2dfb3bb
2025-12-18 13:11:53.805  1660-27999 CoreBackPreview         system_server                        D  Window{bf8fdfb u0 com.launchgo.stage/com.launchgo.MainActivity}: Setting back callback OnBackInvokedCallbackInfo{mCallback=android.window.IOnBackInvokedCallback$Stub$Proxy@5fc4a65, mPriority=-1, mIsAnimationCallback=false, mOverrideBehavior=0}
2025-12-18 13:11:53.805 24879-24879 WindowExtensionsImpl    com.launchgo.stage                   I  Initializing Window Extensions, vendor API level=9, activity embedding enabled=true
2025-12-18 13:11:53.851 24879-24879 FlutterWebRTCPlugin     com.launchgo.stage                   W  audioFocusChangeListener [Earpiece(name=Earpiece)] Earpiece(name=Earpiece)
2025-12-18 13:11:53.851 24879-24879 FlutterWebRTCPlugin     com.launchgo.stage                   W  audioFocusChangeListener [Speakerphone(name=Speakerphone), Earpiece(name=Earpiece)] Speakerphone(name=Speakerphone)
2025-12-18 13:11:53.852 24879-24879 flutter                 com.launchgo.stage                   I  2025-12-18 13:11:53.852423 ℹ️ 📡 Initiating new StreamChatClient
2025-12-18 13:11:53.853 24879-24879 flutter                 com.launchgo.stage                   I  📍 PendingNavigationService: Router set
2025-12-18 13:11:53.853 24879-24879 flutter                 com.launchgo.stage                   I  🔔 PushNotificationService: Router set for direct navigation
2025-12-18 13:11:53.853 24879-24879 flutter                 com.launchgo.stage                   I  🔔 PushNotificationService: AuthService set for semester switching
2025-12-18 13:11:53.853 24879-24879 flutter                 com.launchgo.stage                   I  🔔 Initializing PushNotificationService...
2025-12-18 13:11:53.853 24879-24879 flutter                 com.launchgo.stage                   I  🔔 Setting up onMessageOpenedApp listener...
2025-12-18 13:11:53.853 24879-24879 flutter                 com.launchgo.stage                   I  🔔 Checking for initial message...
2025-12-18 13:11:53.853 24879-24879 flutter                 com.launchgo.stage                   I  🔔 NotificationDisplayService: Router set for tap navigation
2025-12-18 13:11:53.853 24879-24879 flutter                 com.launchgo.stage                   I  🔔 NotificationDisplayService: AuthService set for student switching
2025-12-18 13:11:53.853 24879-24879 flutter                 com.launchgo.stage                   I  [VC] 📞 VideoCallPushHandler initialized
2025-12-18 13:11:53.853 24879-24879 flutter                 com.launchgo.stage                   I  [VIDEO_CALL] Callback set for call acceptance
2025-12-18 13:11:53.859 24879-24879 WindowLayo...ponentImpl com.launchgo.stage                   D  Register WindowLayoutInfoListener on Context=com.launchgo.MainActivity@9572bdb, of which baseContext=android.app.ContextImpl@952a3aa
2025-12-18 13:11:53.861 24879-24879 FLTFireMsgService       com.launchgo.stage                   W  Attempted to start a duplicate background isolate. Returning...
2025-12-18 13:11:53.864  1660-2137  ConnectivityService     system_server                        D  requestNetwork for uid/pid:10322/24879 activeRequest: null callbackRequest: 3528 [NetworkRequest [ REQUEST id=3529, [ Capabilities: INTERNET&NOT_RESTRICTED&TRUSTED&NOT_VCN_MANAGED&NOT_BANDWIDTH_CONSTRAINED Uid: 10322 RequestorUid: 10322 RequestorPkg: com.launchgo.stage UnderlyingNetworks: Null] ]] callback flags: 0 order: 2147483647 isUidTracked: false declaredMethods: AVAIL|LOST|NC
2025-12-18 13:11:53.867  1660-2217  WifiNetworkFactory      system_server                        D  got request NetworkRequest [ REQUEST id=3529, [ Capabilities: INTERNET&NOT_RESTRICTED&TRUSTED&NOT_VCN_MANAGED&NOT_BANDWIDTH_CONSTRAINED Uid: 10322 RequestorUid: 10322 RequestorPkg: com.launchgo.stage UnderlyingNetworks: Null] ]
2025-12-18 13:11:53.867  1660-2217  UntrustedW...orkFactory system_server                        D  got request NetworkRequest [ REQUEST id=3529, [ Capabilities: INTERNET&NOT_RESTRICTED&TRUSTED&NOT_VCN_MANAGED&NOT_BANDWIDTH_CONSTRAINED Uid: 10322 RequestorUid: 10322 RequestorPkg: com.launchgo.stage UnderlyingNetworks: Null] ]
2025-12-18 13:11:53.867  1660-2217  OemPaidWif...orkFactory system_server                        D  got request NetworkRequest [ REQUEST id=3529, [ Capabilities: INTERNET&NOT_RESTRICTED&TRUSTED&NOT_VCN_MANAGED&NOT_BANDWIDTH_CONSTRAINED Uid: 10322 RequestorUid: 10322 RequestorPkg: com.launchgo.stage UnderlyingNetworks: Null] ]
2025-12-18 13:11:53.868  1660-2217  MultiInter...orkFactory system_server                        D  got request NetworkRequest [ REQUEST id=3529, [ Capabilities: INTERNET&NOT_RESTRICTED&TRUSTED&NOT_VCN_MANAGED&NOT_BANDWIDTH_CONSTRAINED Uid: 10322 RequestorUid: 10322 RequestorPkg: com.launchgo.stage UnderlyingNetworks: Null] ]
2025-12-18 13:11:53.878 24879-24879 flutter                 com.launchgo.stage                   I  🔔 No initial message found
2025-12-18 13:11:53.878 24879-24879 flutter                 com.launchgo.stage                   I  ✅ PushNotificationService initialized successfully (no permissions requested yet)
2025-12-18 13:11:53.880 24879-24879 flutter                 com.launchgo.stage                   I  ✅ Logged to file: /data/user/0/com.launchgo.stage/app_flutter/debug_logs.txt
2025-12-18 13:11:53.884  1660-1743  ActivityTaskManager     system_server                        I  Displayed com.launchgo.stage/com.launchgo.MainActivity for user 0: +203ms
2025-12-18 13:11:53.884  1660-1743  ActivityTaskManager     system_server                        I  Fully drawn com.launchgo.stage/com.launchgo.MainActivity: +203ms
2025-12-18 13:11:53.912 24879-24879 flutter                 com.launchgo.stage                   I  🔐 Found stored token, attempting to load user data...
2025-12-18 13:11:53.912 24879-24879 flutter                 com.launchgo.stage                   I  🔄 Calling getUserInfo API...
2025-12-18 13:11:53.914 24879-24879 ImeBackDispatcher       com.launchgo.stage                   D  switch root view (mImeCallbacks.size=0)
2025-12-18 13:11:53.915  1660-2140  ImeTracker              system_server                        I  com.launchgo.stage:b4a6c56: onRequestHide at ORIGIN_SERVER reason HIDE_UNSPECIFIED_WINDOW fromUser false
2025-12-18 13:11:53.916 24879-24879 InsetsController        com.launchgo.stage                   D  hide(ime())
2025-12-18 13:11:53.916 24879-24879 ImeTracker              com.launchgo.stage                   I  com.launchgo.stage:b4a6c56: onCancelled at PHASE_CLIENT_ALREADY_HIDDEN
2025-12-18 13:11:53.919 14713-14713 GoogleInpu...hodService com...gle.android.inputmethod.latin  I  GoogleInputMethodService.onStartInput():1349 onStartInput(EditorInfo{EditorInfo{packageName=com.launchgo.stage, inputType=0, inputTypeString=NULL, enableLearning=false, autoCorrection=false, autoComplete=false, imeOptions=0, privateImeOptions=null, actionName=UNSPECIFIED, actionLabel=null, initialSelStart=-1, initialSelEnd=-1, initialCapsMode=0, label=null, fieldId=0, fieldName=null, extras=null, hintText=null, hintLocales=[]}}, false)
2025-12-18 13:11:53.923  1660-7112  PackageConfigPersister  system_server                        W  App-specific configuration not found for packageName: com.launchgo.stage and userId: 0
2025-12-18 13:11:53.965  2652-2652  NotificationListener    com...le.android.apps.nexuslauncher  I  received notification posted event - com.launchgo.stage#UserHandle{0},category=-1
2025-12-18 13:11:53.966  1660-1660  Telecom                 system_server                        I  VoipCallMonitor: onNotificationPosted: sbn=[StatusBarNotification(pkg=com.launchgo.stage user=UserHandle{0} id=-1178482480 tag=null key=0|com.launchgo.stage|-1178482480|null|10322: Notification(channel=callkit_ongoing_channel_id shortcut=null contentView=null vibrate=null sound=null defaults=0 flags=ONGOING_EVENT|NO_CLEAR|FOREGROUND_SERVICE|NO_DISMISS color=0xff4caf50 category=call actions=1 vis=PRIVATE))]
2025-12-18 13:11:54.088 24879-24879 ContentCaptureHelper    com.launchgo.stage                   I  Setting logging level to OFF
2025-12-18 13:11:54.097 24879-24992 Surface                 com.launchgo.stage                   E  [1f267f SurfaceView[com.launchgo.stage/com.launchgo.MainActivity]#1(BLAST Consumer)1](id:612f00000001) freeAllBuffers: 1 buffers were freed while being dequeued!
2025-12-18 13:11:54.097  1660-32635 WindowManager           system_server                        I  finishDrawing of orientation change: Window{bf8fdfb u0 com.launchgo.stage/com.launchgo.MainActivity} 15ms
2025-12-18 13:11:54.114  1660-27999 WindowManager           system_server                        I  finishDrawing of orientation change: Window{400ec7a u0 Splash Screen com.launchgo.stage} 32ms
2025-12-18 13:11:54.121  1660-1743  WindowManager           system_server                        V      info={id=784 t=CHANGE f=0x0 trk=0 r=[0@Point(0, 0)] c=[
                                                                                                            {m=CHANGE f=IS_BEHIND_STARTING_WINDOW leash=Surface(name=ActivityRecord{238898921 u0 com.launchgo.stage/com.launchgo.MainActivity t612})/@0x8432bcb sb=Rect(0, 0 - 2400, 1080) eb=Rect(0, 0 - 1080, 2400) epz=Point(1080, 2400) d=0 r=3->0:-1 bc=ff000000 activity=ActivityTransitionInfo { component = ComponentInfo{com.launchgo.stage/com.launchgo.MainActivity}, taskId = 612, appCompatTransitionInfo = null }}
                                                                                                        ]}
2025-12-18 13:11:54.121  2315-2342  WindowManagerShell      com.android.systemui                 V  onTransitionReady (#784) android.os.BinderProxy@d54225b: {id=784 t=CHANGE f=0x0 trk=0 r=[0@Point(0, 0)] c=[
                                                                                                            {m=CHANGE f=IS_BEHIND_STARTING_WINDOW leash=Surface(name=ActivityRecord{238898921 u0 com.launchgo.stage/com.launchgo.MainActivity t612})/@0x89b5ea4 sb=Rect(0, 0 - 2400, 1080) eb=Rect(0, 0 - 1080, 2400) epz=Point(1080, 2400) d=0 r=3->0:-1 bc=ff000000 snapshot=Surface(name=transition snapshot: ActivityRecord{238898921 u0 com.launchgo.stage/com.launchgo.MainActivity t612})/@0x7d5740d activity=ActivityTransitionInfo { component = ComponentInfo{com.launchgo.stage/com.launchgo.MainActivity}, taskId = 612, appCompatTransitionInfo = null }}
                                                                                                        ]}
2025-12-18 13:11:54.121  2315-2342  WindowManagerShell      com.android.systemui                 V  Transition doesn't have explicit remote, search filters for match for {id=784 t=CHANGE f=0x0 trk=0 r=[0@Point(0, 0)] c=[{m=CHANGE f=IS_BEHIND_STARTING_WINDOW leash=Surface(name=ActivityRecord{238898921 u0 com.launchgo.stage/com.launchgo.MainActivity t612})/@0x89b5ea4 sb=Rect(0, 0 - 2400, 1080) eb=Rect(0, 0 - 1080, 2400) epz=Point(1080, 2400) d=0 r=3->0:-1 bc=ff000000 snapshot=Surface(name=transition snapshot: ActivityRecord{238898921 u0 com.launchgo.stage/com.launchgo.MainActivity t612})/@0x7d5740d activity=ActivityTransitionInfo { component = ComponentInfo{com.launchgo.stage/com.launchgo.MainActivity}, taskId = 612, appCompatTransitionInfo = null }}]}
2025-12-18 13:11:54.122  2315-2342  WindowManagerShell      com.android.systemui                 V  start default transition animation, info = {id=784 t=CHANGE f=0x0 trk=0 r=[0@Point(0, 0)] c=[{m=CHANGE f=IS_BEHIND_STARTING_WINDOW leash=Surface(name=ActivityRecord{238898921 u0 com.launchgo.stage/com.launchgo.MainActivity t612})/@0x89b5ea4 sb=Rect(0, 0 - 2400, 1080) eb=Rect(0, 0 - 1080, 2400) epz=Point(1080, 2400) d=0 r=3->0:-1 bc=ff000000 snapshot=Surface(name=transition snapshot: ActivityRecord{238898921 u0 com.launchgo.stage/com.launchgo.MainActivity t612})/@0x7d5740d activity=ActivityTransitionInfo { component = ComponentInfo{com.launchgo.stage/com.launchgo.MainActivity}, taskId = 612, appCompatTransitionInfo = null }}]}
2025-12-18 13:11:54.127 24879-24879 flutter                 com.launchgo.stage                   I  ✅ User info data received: 223372bc-e360-48c1-a0c3-4900c3fe267c - Student Yevhen
2025-12-18 13:11:54.127 24879-24879 flutter                 com.launchgo.stage                   I  ✅ User info parsed: 223372bc-e360-48c1-a0c3-4900c3fe267c - Student Yevhen (UserRole.student)
2025-12-18 13:11:54.127 24879-24879 flutter                 com.launchgo.stage                   I  🔄 Loading semesters from API...
2025-12-18 13:11:54.127 24879-24879 flutter                 com.launchgo.stage                   I  🔄 Retrofit: Getting semesters...
2025-12-18 13:11:54.142 24879-24879 flutter                 com.launchgo.stage                   I  🔄 App Lifecycle State: AppLifecycleState.inactive
2025-12-18 13:11:54.171 24879-24879 flutter                 com.launchgo.stage                   I  📊 Response status: 200
2025-12-18 13:11:54.171 24879-24879 flutter                 com.launchgo.stage                   I  📊 Raw response data type: List<dynamic>
2025-12-18 13:11:54.171 24879-24879 flutter                 com.launchgo.stage                   I  ✅ Successfully parsed 6 semesters
2025-12-18 13:11:54.171 24879-24879 flutter                 com.launchgo.stage                   I  ✅ Received 6 semesters
2025-12-18 13:11:54.171 24879-24879 flutter                 com.launchgo.stage                   I  📝 Parsing semesters...
2025-12-18 13:11:54.172 24879-24879 flutter                 com.launchgo.stage                   I  ✅ Parsed 6 semesters: Summer 2025, Fall 2025, Winter 2026, Spring 2026, Summer 2026, Fall 2026
2025-12-18 13:11:54.172 24879-24879 flutter                 com.launchgo.stage                   I  🔄 Trying to restore saved semester: 83068b43-3a5b-4af8-9556-b4ea6220cc55
2025-12-18 13:11:54.172 24879-24879 flutter                 com.launchgo.stage                   I  ✅ Restored saved semester: 83068b43-3a5b-4af8-9556-b4ea6220cc55
2025-12-18 13:11:54.172 24879-24879 flutter                 com.launchgo.stage                   I  ✅ Semesters loaded: 6 semesters, selected: 83068b43-3a5b-4af8-9556-b4ea6220cc55
2025-12-18 13:11:54.172 24879-24879 flutter                 com.launchgo.stage                   I  📝 UserInfo now has 6 semesters
2025-12-18 13:11:54.173 24879-24879 flutter                 com.launchgo.stage                   I  2025-12-18 13:11:54.173153 ℹ️ 📡 setting user : 223372bc-e360-48c1-a0c3-4900c3fe267c
2025-12-18 13:11:54.173 24879-24879 flutter                 com.launchgo.stage                   I  2025-12-18 13:11:54.173434 ℹ️ 📡 setting user : 223372bc-e360-48c1-a0c3-4900c3fe267c
2025-12-18 13:11:54.173 24879-24879 flutter                 com.launchgo.stage                   I  ✅ Token valid, user data loaded successfully
2025-12-18 13:11:54.173 24879-24879 flutter                 com.launchgo.stage                   I  🔔 [FCM DEBUG] Setting up FCM token callback...
2025-12-18 13:11:54.173 24879-24879 flutter                 com.launchgo.stage                   I  2025-12-18 13:11:54.173582 ℹ️ 📡 setting user : 223372bc-e360-48c1-a0c3-4900c3fe267c
2025-12-18 13:11:54.173 24879-24879 flutter                 com.launchgo.stage                   I  2025-12-18 13:11:54.173746 ℹ️ 📡 Opening web-socket connection for 223372bc-e360-48c1-a0c3-4900c3fe267c
2025-12-18 13:11:54.173 24879-24879 flutter                 com.launchgo.stage                   I  2025-12-18 13:11:54.173860 ℹ️ 📡 Opening web-socket connection for 223372bc-e360-48c1-a0c3-4900c3fe267c
2025-12-18 13:11:54.174 24879-24879 flutter                 com.launchgo.stage                   I  2025-12-18 13:11:54.174008 ℹ️ 📡 Opening web-socket connection for 223372bc-e360-48c1-a0c3-4900c3fe267c
2025-12-18 13:11:54.174 24879-24879 flutter                 com.launchgo.stage                   I  2025-12-18 13:11:54.174557 ℹ️ 🔌 [buildUri] #ws; scheme: wss, host: chat.stream-io-api.com, port: null
2025-12-18 13:11:54.174 24879-24879 flutter                 com.launchgo.stage                   I  2025-12-18 13:11:54.174740 ℹ️ 🔌 [connect] #ws; uri: wss://chat.stream-io-api.com/connect?json=%7B%22user_id%22%3A%22223372bc-e360-48c1-a0c3-4900c3fe267c%22%2C%22user_details%22%3A%7B%22id%22%3A%22223372bc-e360-48c1-a0c3-4900c3fe267c%22%2C%22name%22%3A%22Student+Yevhen%22%2C%22image%22%3A%22https%3A%2F%2Flh3.googleusercontent.com%2Fa%2FACg8ocJa5jyy3TOjzT5C_QX0GynDYTe7jE3zZuA1JXcJjjNUE-08Lg%3Ds96-c%22%7D%2C%22user_token%22%3A%22eyJhbGciOiJIUzI1NiIsInR5cCI6IkpXVCJ9.eyJ1c2VyX2lkIjoiMjIzMzcyYmMtZTM2MC00OGMxLWEwYzMtNDkwMGMzZmUyNjdjIn0.cHatDJMKiOEtrFrb2fvL9xSE7Ca56GmlH9q2QXX9KSo%22%2C%22server_determines_connection_id%22%3Atrue%7D&api_key=b2xg2crxdpft&authorization=eyJhbGciOiJIUzI1NiIsInR5cCI6IkpXVCJ9.eyJ1c2VyX2lkIjoiMjIzMzcyYmMtZTM2MC00OGMxLWEwYzMtNDkwMGMzZmUyNjdjIn0.cHatDJMKiOEtrFrb2fvL9xSE7Ca56GmlH9q2QXX9KSo&stream-auth-type=jwt&X-Stream-Client=%22stream-chat-flutter-v9.22.0%7Capp%3Dlaunchgo%7Capp_version%3D1.2.0-stage%7Cos%3Dandroid+16%7Cdevice_model%3DGoogle+Pixel+6a%22
2025-12-18 13:11:54.174 24879-24879 flutter                 com.launchgo.stage                   I  2025-12-18 13:11:54.174812 ℹ️ 🔌 Initiating connection with https://chat.stream-io-api.com
2025-12-18 13:11:54.175 24879-24879 flutter                 com.launchgo.stage                   I  2025-12-18 13:11:54.175172 ℹ️ 🔌 Started listening to https://chat.stream-io-api.com
2025-12-18 13:11:54.175 24879-24879 flutter                 com.launchgo.stage                   I  2025-12-18 13:11:54.175401 🚨 📡 error connecting user : 223372bc-e360-48c1-a0c3-4900c3fe267c
2025-12-18 13:11:54.175 24879-24879 flutter                 com.launchgo.stage                   I  StreamChatError(message: Connection already in progress for 223372bc-e360-48c1-a0c3-4900c3fe267c)
2025-12-18 13:11:54.175 24879-24879 flutter                 com.launchgo.stage                   I  #0      StreamChatClient.openConnection (package:stream_chat/src/client/client.dart:454)
                                                                                                    #1      StreamChatClient._connectUser (package:stream_chat/src/client/client.dart:386)
                                                                                                    <asynchronous suspension>
                                                                                                    #2      StreamChatService.connectUser (package:launchgo/services/chat/stream_chat_service.dart:73)
                                                                                                    <asynchronous suspension>
                                                                                                    #3      StreamChatService.autoConnectUser (package:launchgo/services/chat/stream_chat_service.dart:403)
                                                                                                    <asynchronous suspension>
                                                                                                    #4      _MyAppState.initState.<anonymous closure> (package:launchgo/main.dart:249)
                                                                                                    <asynchronous suspension>
2025-12-18 13:11:54.175 24879-24879 flutter                 com.launchgo.stage                   I  ❌ Stream Chat: Error connecting user - StreamChatError(message: Connection already in progress for 223372bc-e360-48c1-a0c3-4900c3fe267c)
2025-12-18 13:11:54.175 24879-24879 flutter                 com.launchgo.stage                   I  ⚠️ Stream Chat: Auto-connect failed (will retry when chat opens): StreamChatError(message: Connection already in progress for 223372bc-e360-48c1-a0c3-4900c3fe267c)
2025-12-18 13:11:54.175 24879-24879 flutter                 com.launchgo.stage                   I  [VC] 📞 [StreamVideoService:initialize] >> ENTRY
2025-12-18 13:11:54.175 24879-24879 flutter                 com.launchgo.stage                   I  [VC] 📞 [StreamVideoService:initialize] User ID: 223372bc-e360-48c1-a0c3-4900c3fe267c
2025-12-18 13:11:54.175 24879-24879 flutter                 com.launchgo.stage                   I  [VC] 📞 [StreamVideoService:initialize] User role: UserRole.student
2025-12-18 13:11:54.175 24879-24879 flutter                 com.launchgo.stage                   I  [VC] 📞 [StreamVideoService:initialize] Currently initialized: false
2025-12-18 13:11:54.175 24879-24879 flutter                 com.launchgo.stage                   I  [VC] 📞 [StreamVideoService:initialize] Currently initializing: false
2025-12-18 13:11:54.175 24879-24879 flutter                 com.launchgo.stage                   I  [VC] 📞 [StreamVideoService:initialize] Client exists: false
2025-12-18 13:11:54.175 24879-24879 flutter                 com.launchgo.stage                   I  [VC] 📞 [StreamVideoService:initialize] Has token: true
2025-12-18 13:11:54.175 24879-24879 flutter                 com.launchgo.stage                   I  [VC] 📞 [StreamVideoService:initialize] Verifying token validity...
2025-12-18 13:11:54.176 24879-24879 flutter                 com.launchgo.stage                   I  [VIDEO_CALL] Token valid until: 2035-12-08 14:38:06.000
2025-12-18 13:11:54.176 24879-24879 flutter                 com.launchgo.stage                   I  [VC] 📞 [StreamVideoService:initialize] Token is valid
2025-12-18 13:11:54.176 24879-24879 flutter                 com.launchgo.stage                   I  [VC] 📞 [StreamVideoService:initialize] Creating new StreamVideo client instance...
2025-12-18 13:11:54.178 24879-24879 flutter                 com.launchgo.stage                   I  2025-12-18 13:11:54.177955 ℹ️ (I/SV:Client): [connect] currentUser.id: 223372bc-e360-48c1-a0c3-4900c3fe267c
2025-12-18 13:11:54.178 24879-24879 flutter                 com.launchgo.stage                   I  2025-12-18 13:11:54.178042 ℹ️ (I/SV:Client): [setConnectionState] #client; Connecting{userId: 223372bc-e360-48c1-a0c3-4900c3fe267c} <= Disconnected{userId: 223372bc-e360-48c1-a0c3-4900c3fe267c}
2025-12-18 13:11:54.178 24879-24879 flutter                 com.launchgo.stage                   I  2025-12-18 13:11:54.178099 🔧 (D/SV:TokenManager): [getToken] refresh: false, _token: null
2025-12-18 13:11:54.178 24879-24879 flutter                 com.launchgo.stage                   I  [VC] 📞 [StreamVideoService:initialize] Connecting to Stream Video WebSocket...
2025-12-18 13:11:54.178 24879-24879 flutter                 com.launchgo.stage                   I  2025-12-18 13:11:54.178237 🚨 📡 error connecting user : 223372bc-e360-48c1-a0c3-4900c3fe267c
2025-12-18 13:11:54.178 24879-24879 flutter                 com.launchgo.stage                   I  StreamChatError(message: Connection already in progress for 223372bc-e360-48c1-a0c3-4900c3fe267c)
2025-12-18 13:11:54.178 24879-24879 flutter                 com.launchgo.stage                   I  #0      StreamChatClient.openConnection (package:stream_chat/src/client/client.dart:454)
                                                                                                    #1      StreamChatClient._connectUser (package:stream_chat/src/client/client.dart:386)
                                                                                                    <asynchronous suspension>
                                                                                                    #2      StreamChatService.connectUser (package:launchgo/services/chat/stream_chat_service.dart:73)
                                                                                                    <asynchronous suspension>
                                                                                                    #3      StreamChatService.autoConnectUser (package:launchgo/services/chat/stream_chat_service.dart:403)
                                                                                                    <asynchronous suspension>
                                                                                                    #4      _MyAppState.initState.<anonymous closure> (package:launchgo/main.dart:249)
                                                                                                    <asynchronous suspension>
2025-12-18 13:11:54.178 24879-24879 flutter                 com.launchgo.stage                   I  ❌ Stream Chat: Error connecting user - StreamChatError(message: Connection already in progress for 223372bc-e360-48c1-a0c3-4900c3fe267c)
2025-12-18 13:11:54.178 24879-24879 flutter                 com.launchgo.stage                   I  ⚠️ Stream Chat: Auto-connect failed (will retry when chat opens): StreamChatError(message: Connection already in progress for 223372bc-e360-48c1-a0c3-4900c3fe267c)
2025-12-18 13:11:54.178 24879-24879 flutter                 com.launchgo.stage                   I  [VC] 📞 [StreamVideoService:initialize] >> ENTRY
2025-12-18 13:11:54.178 24879-24879 flutter                 com.launchgo.stage                   I  [VC] 📞 [StreamVideoService:initialize] User ID: 223372bc-e360-48c1-a0c3-4900c3fe267c
2025-12-18 13:11:54.178 24879-24879 flutter                 com.launchgo.stage                   I  [VC] 📞 [StreamVideoService:initialize] User role: UserRole.student
2025-12-18 13:11:54.178 24879-24879 flutter                 com.launchgo.stage                   I  [VC] 📞 [StreamVideoService:initialize] Currently initialized: false
2025-12-18 13:11:54.178 24879-24879 flutter                 com.launchgo.stage                   I  [VC] 📞 [StreamVideoService:initialize] Currently initializing: true
2025-12-18 13:11:54.178 24879-24879 flutter                 com.launchgo.stage                   I  [VC] 📞 [StreamVideoService:initialize] Client exists: true
2025-12-18 13:11:54.178 24879-24879 flutter                 com.launchgo.stage                   I  [VC] 📞 [StreamVideoService:initialize] Has token: true
2025-12-18 13:11:54.178 24879-24879 flutter                 com.launchgo.stage                   I  [VC] 📞 [StreamVideoService:initialize] << EXIT: Already initializing in progress, skipping
2025-12-18 13:11:54.178 24879-24879 flutter                 com.launchgo.stage                   I  2025-12-18 13:11:54.178894 🔧 (D/SV:PNManager): [activeCall] Active calls changed to []
2025-12-18 13:11:54.179 24879-24879 flutter                 com.launchgo.stage                   I  ✅ Stream Video initialized for user: 223372bc-e360-48c1-a0c3-4900c3fe267c
2025-12-18 13:11:54.179 24879-24879 flutter                 com.launchgo.stage                   I  [VIDEO_CALL] Checking for active call from terminated state
2025-12-18 13:11:54.179 24879-24879 flutter                 com.launchgo.stage                   I  2025-12-18 13:11:54.179285 🔍 (V/SV:TokenManager): [provideToken] drop cached future
2025-12-18 13:11:54.179 24879-24879 flutter                 com.launchgo.stage                   I  2025-12-18 13:11:54.179383 🔍 (V/SV:TokenManager): [getToken] completed: Result.Success{data: UserToken}
2025-12-18 13:11:54.179 24879-24879 flutter                 com.launchgo.stage                   I  2025-12-18 13:11:54.179443 🔍 (V/SV:TokenManager): [provideToken] drop cached future
2025-12-18 13:11:54.179 24879-24879 flutter                 com.launchgo.stage                   I  2025-12-18 13:11:54.179475 🔍 (V/SV:TokenManager): [getToken] completed: Result.Success{data: UserToken}
2025-12-18 13:11:54.179 24879-24879 flutter                 com.launchgo.stage                   I  2025-12-18 13:11:54.179527 🔍 (V/SV:Client): [connect] currentUser.id : 223372bc-e360-48c1-a0c3-4900c3fe267c
2025-12-18 13:11:54.179 24879-24879 flutter                 com.launchgo.stage                   I  🔔 Requesting notification permissions...
2025-12-18 13:11:54.179 24879-24879 flutter                 com.launchgo.stage                   I  2025-12-18 13:11:54.179811 🔧 (D/SV:CoordClient): [connectUser] user.id: 223372bc-e360-48c1-a0c3-4900c3fe267c
2025-12-18 13:11:54.179 24879-24879 flutter                 com.launchgo.stage                   I  2025-12-18 13:11:54.179875 ℹ️ (I/SV:CoordClient): [openConnection] no args
2025-12-18 13:11:54.179 24879-24879 flutter                 com.launchgo.stage                   I  2025-12-18 13:11:54.179926 🔍 (V/SV:CoordinatorWS-1): [connect] no args
2025-12-18 13:11:54.179 24879-24879 flutter                 com.launchgo.stage                   I  2025-12-18 13:11:54.179954 🔍 (V/SV:ConnectionStateMixin): [setConnectionState] disconnected -> connecting
2025-12-18 13:11:54.180 24879-24879 flutter                 com.launchgo.stage                   I  2025-12-18 13:11:54.179988 🔧 (D/SV:Coord-HM): [start] no args
2025-12-18 13:11:54.180 24879-24879 flutter                 com.launchgo.stage                   I  2025-12-18 13:11:54.180937 ℹ️ (I/SV:CoordinatorWS-1): [connect] connectRequestInProgress: false, url: wss://video.stream-io-api.com/video/connect?api_key=b2xg2crxdpft&stream-auth-type=jwt&X-Stream-Client=stream-video-flutter-v1.1.0|null
2025-12-18 13:11:54.193 24879-24879 org.webrtc.Logging      com.launchgo.stage                   I  NativeLibrary: Loading native library: jingle_peerconnection_so
2025-12-18 13:11:54.193 24879-24879 org.webrtc.Logging      com.launchgo.stage                   I  NativeLibrary: Loading library: jingle_peerconnection_so
2025-12-18 13:11:54.194 24879-24879 nativeloader            com.launchgo.stage                   D  Load /data/app/~~KGYtNTbWG6rBX_n5FvXGYQ==/com.launchgo.stage-BwGfvTTQJ635oI3KhjNSfA==/base.apk!/lib/arm64-v8a/libjingle_peerconnection_so.so using class loader ns clns-9 (caller=/data/app/~~KGYtNTbWG6rBX_n5FvXGYQ==/com.launchgo.stage-BwGfvTTQJ635oI3KhjNSfA==/base.apk!classes3.dex): ok
2025-12-18 13:11:54.242 24879-24879 AudioCapabilities       com.launchgo.stage                   W  Unrecognized IAMF profile 0 for audio/iamf
2025-12-18 13:11:54.242 24879-24879 AudioCapabilities       com.launchgo.stage                   W  Unrecognized IAMF profile 0 for audio/iamf
2025-12-18 13:11:54.242 24879-24879 AudioCapabilities       com.launchgo.stage                   W  Unrecognized encoding 3 for audio/iamf
2025-12-18 13:11:54.242 24879-24879 AudioCapabilities       com.launchgo.stage                   W  Unrecognized IAMF profile 0 for audio/iamf
2025-12-18 13:11:54.242 24879-24879 AudioCapabilities       com.launchgo.stage                   W  Unrecognized encoding 6 for audio/iamf
2025-12-18 13:11:54.242 24879-24879 AudioCapabilities       com.launchgo.stage                   W  Unrecognized IAMF profile 0 for audio/iamf
2025-12-18 13:11:54.242 24879-24879 AudioCapabilities       com.launchgo.stage                   W  Unrecognized encoding 7 for audio/iamf
2025-12-18 13:11:54.255 24879-24879 AudioCapabilities       com.launchgo.stage                   W  Unrecognized IAMF profile 0 for audio/iamf
2025-12-18 13:11:54.255 24879-24879 AudioCapabilities       com.launchgo.stage                   W  Unrecognized IAMF profile 0 for audio/iamf
2025-12-18 13:11:54.255 24879-24879 AudioCapabilities       com.launchgo.stage                   W  Unrecognized encoding 3 for audio/iamf
2025-12-18 13:11:54.255 24879-24879 AudioCapabilities       com.launchgo.stage                   W  Unrecognized IAMF profile 0 for audio/iamf
2025-12-18 13:11:54.255 24879-24879 AudioCapabilities       com.launchgo.stage                   W  Unrecognized encoding 6 for audio/iamf
2025-12-18 13:11:54.255 24879-24879 AudioCapabilities       com.launchgo.stage                   W  Unrecognized IAMF profile 0 for audio/iamf
2025-12-18 13:11:54.255 24879-24879 AudioCapabilities       com.launchgo.stage                   W  Unrecognized encoding 7 for audio/iamf
2025-12-18 13:11:54.264 24879-24879 flutter                 com.launchgo.stage                   I  [VC] 📞 [StreamVideoService:consumeAndAcceptActiveCall] >> ENTRY
2025-12-18 13:11:54.264 24879-24879 flutter                 com.launchgo.stage                   I  [VC] 📞 [StreamVideoService:consumeAndAcceptActiveCall] Checking for active call from terminated state...
2025-12-18 13:11:54.264 24879-24879 flutter                 com.launchgo.stage                   I  [VC] 📞 [StreamVideoService:consumeAndAcceptActiveCall] Client exists: true
2025-12-18 13:11:54.265 24879-24879 flutter                 com.launchgo.stage                   I  [VC] 📞 [StreamVideoService:consumeAndAcceptActiveCall] << EXIT: Consume request sent to SDK
2025-12-18 13:11:54.320 24879-24879 flutter                 com.launchgo.stage                   I  🔔 Creating notification channels for Android...
2025-12-18 13:11:54.327 24879-24879 ImeBackDispatcher       com.launchgo.stage                   D  switch root view (mImeCallbacks.size=0)
2025-12-18 13:11:54.327 24879-24879 flutter                 com.launchgo.stage                   I  🔄 App Lifecycle State: AppLifecycleState.resumed
2025-12-18 13:11:54.327 24879-24879 flutter                 com.launchgo.stage                   I  🟢 App resumed - Student reconnected to Stream Chat
2025-12-18 13:11:54.330  1660-2140  ImeTracker              system_server                        I  com.launchgo.stage:43d5939b: onRequestHide at ORIGIN_SERVER reason HIDE_SAME_WINDOW_FOCUSED_WITHOUT_EDITOR fromUser false
2025-12-18 13:11:54.332 14713-14713 GoogleInpu...hodService com...gle.android.inputmethod.latin  I  GoogleInputMethodService.onStartInput():1349 onStartInput(EditorInfo{EditorInfo{packageName=com.launchgo.stage, inputType=0, inputTypeString=NULL, enableLearning=false, autoCorrection=false, autoComplete=false, imeOptions=0, privateImeOptions=null, actionName=UNSPECIFIED, actionLabel=null, initialSelStart=-1, initialSelEnd=-1, initialCapsMode=0, label=null, fieldId=0, fieldName=null, extras=null, hintText=null, hintLocales=[]}}, false)
2025-12-18 13:11:54.333  1660-27999 PackageConfigPersister  system_server                        W  App-specific configuration not found for packageName: com.launchgo.stage and userId: 0
2025-12-18 13:11:54.342 24879-24879 InsetsController        com.launchgo.stage                   D  hide(ime())
2025-12-18 13:11:54.342 24879-24879 ImeTracker              com.launchgo.stage                   I  com.launchgo.stage:43d5939b: onCancelled at PHASE_CLIENT_ALREADY_HIDDEN
2025-12-18 13:11:54.351 24879-24879 flutter                 com.launchgo.stage                   I  ✅ Notification channels created successfully
2025-12-18 13:11:54.351 24879-24879 flutter                 com.launchgo.stage                   I  ✅ NotificationDisplayService initialized successfully
2025-12-18 13:11:54.351 24879-25125 HWUI                    com.launchgo.stage                   I  Using FreeType backend (prop=Auto)
2025-12-18 13:11:54.366 24879-24879 flutter                 com.launchgo.stage                   I  🔔 Notification permission status: AuthorizationStatus.authorized
2025-12-18 13:11:54.366 24879-24879 flutter                 com.launchgo.stage                   I  🔔 Waiting for APNS token...
2025-12-18 13:11:54.366 24879-24879 flutter                 com.launchgo.stage                   I  APNS token: null
2025-12-18 13:11:54.368 24879-24879 flutter                 com.launchgo.stage                   I  2025-12-18 13:11:54.368092 🔍 (V/SV:Coord-HM): [onConnectivityChanged] status: NetworkStatus.connected
2025-12-18 13:11:54.368 24879-24879 flutter                 com.launchgo.stage                   I  2025-12-18 13:11:54.368139 ℹ️ (I/SV:CoordinatorWS-1): [onNetworkConnected] no args
2025-12-18 13:11:54.370 24879-25104 FlutterWebRTCPlugin     com.launchgo.stage                   D  onConnectionChangeCLOSED
2025-12-18 13:11:54.372 24879-25104 FlutterWebRTCPlugin     com.launchgo.stage                   D  onConnectionChangeCLOSED
2025-12-18 13:11:54.373 24879-24879 flutter                 com.launchgo.stage                   I  🔔 FCM Token retrieved: dZrA8m7nQkCOObPkV5AR84:APA91bG_xCBZ2bEWYvUllTyiFvQCw06MfLQ9eFW8AvI5XY8iPaUEyk5hfAtmvJoKUHbR9fYDcXwcLMGvgPzI06mD5xt9n13a1y5x5m3dChUZHWIBhsuRwAo
2025-12-18 13:11:54.373 24879-24879 flutter                 com.launchgo.stage                   I  🔔 Calling token available callback...
2025-12-18 13:11:54.373 24879-24879 flutter                 com.launchgo.stage                   I  ✅ Push notifications fully enabled with FCM token
2025-12-18 13:11:54.373 24879-24879 flutter                 com.launchgo.stage                   I  🔔 FCM Token: dZrA8m7nQkCOObPkV5AR84:APA91bG_xCBZ2bEWYvUllTyiFvQCw06MfLQ9eFW8AvI5XY8iPaUEyk5hfAtmvJoKUHbR9fYDcXwcLMGvgPzI06mD5xt9n13a1y5x5m3dChUZHWIBhsuRwAo
2025-12-18 13:11:54.374 24879-24879 flutter                 com.launchgo.stage                   I  ✅ FCM token setup successful
2025-12-18 13:11:54.374 24879-24879 flutter                 com.launchgo.stage                   I  🔔 Stream Chat: Registering FCM token: dZrA8m7nQkCOObPkV5AR...
2025-12-18 13:11:54.374 24879-24879 flutter                 com.launchgo.stage                   I  🔔 [FCM DEBUG] FCM token available, registering device...
2025-12-18 13:11:54.374 24879-24879 flutter                 com.launchgo.stage                   I  📱 Registering device with backend...
2025-12-18 13:11:54.374 24879-24879 flutter                 com.launchgo.stage                   I  📱 Registering FCM token with backend...
2025-12-18 13:11:54.375 24879-24879 flutter                 com.launchgo.stage                   I  ✅ Logged to file: /data/user/0/com.launchgo.stage/app_flutter/debug_logs.txt
2025-12-18 13:11:54.375 24879-24879 flutter                 com.launchgo.stage                   I  2025-12-18 13:11:54.375542 ℹ️ 🕸️
2025-12-18 13:11:54.375 24879-24879 flutter                 com.launchgo.stage                   I  2025-12-18 13:11:54.375573 ℹ️ 🕸️ ╔╣ Request ║ POST
2025-12-18 13:11:54.375 24879-24879 flutter                 com.launchgo.stage                   I  2025-12-18 13:11:54.375585 ℹ️ 🕸️ ║  https://chat.stream-io-api.com/devices?api_key=b2xg2crxdpft&user_id=223372bc-e360-48c1-a0c3-4900c3fe267c
2025-12-18 13:11:54.375 24879-24879 flutter                 com.launchgo.stage                   I  2025-12-18 13:11:54.375600 ℹ️ 🕸️ ╚════════════════════════════════════════════════════════════════════════════════════════════════════════════════════════╝
2025-12-18 13:11:54.375 24879-24879 flutter                 com.launchgo.stage                   I  2025-12-18 13:11:54.375616 ℹ️ 🕸️ ╔ Query Parameters
2025-12-18 13:11:54.375 24879-24879 flutter                 com.launchgo.stage                   I  2025-12-18 13:11:54.375626 ℹ️ 🕸️ ╟ api_key: b2xg2crxdpft
2025-12-18 13:11:54.375 24879-24879 flutter                 com.launchgo.stage                   I  2025-12-18 13:11:54.375635 ℹ️ 🕸️ ╟ user_id: 223372bc-e360-48c1-a0c3-4900c3fe267c
2025-12-18 13:11:54.375 24879-24879 flutter                 com.launchgo.stage                   I  2025-12-18 13:11:54.375643 ℹ️ 🕸️ ╚════════════════════════════════════════════════════════════════════════════════════════════════════════════════════════╝
2025-12-18 13:11:54.375 24879-24879 flutter                 com.launchgo.stage                   I  2025-12-18 13:11:54.375665 ℹ️ 🕸️ ╔ Headers
2025-12-18 13:11:54.375 24879-24879 flutter                 com.launchgo.stage                   I  2025-12-18 13:11:54.375673 ℹ️ 🕸️ ╟ Content-Type: application/json
2025-12-18 13:11:54.375 24879-24879 flutter                 com.launchgo.stage                   I  2025-12-18 13:11:54.375680 ℹ️ 🕸️ ╟ Content-Encoding: application/gzip
2025-12-18 13:11:54.375 24879-24879 flutter                 com.launchgo.stage                   I  2025-12-18 13:11:54.375688 ℹ️ 🕸️ ╟ X-Stream-Client:
2025-12-18 13:11:54.375 24879-24879 flutter                 com.launchgo.stage                   I  2025-12-18 13:11:54.375697 ℹ️ 🕸️ ║ stream-chat-flutter-v9.22.0|app=launchgo|app_version=1.2.0-stage|os=android 16|device_model=Google Pixel 6a
2025-12-18 13:11:54.375 24879-24879 flutter                 com.launchgo.stage                   I  2025-12-18 13:11:54.375706 ℹ️ 🕸️ ╟ Authorization:
2025-12-18 13:11:54.375 24879-24879 flutter                 com.launchgo.stage                   I  2025-12-18 13:11:54.375713 ℹ️ 🕸️ ║ eyJhbGciOiJIUzI1NiIsInR5cCI6IkpXVCJ9.eyJ1c2VyX2lkIjoiMjIzMzcyYmMtZTM2MC00OGMxLWEwYzMtNDkwMGMzZmUyNjdjIn0.cHatDJMKiOEtrFr
2025-12-18 13:11:54.375 24879-24879 flutter                 com.launchgo.stage                   I  2025-12-18 13:11:54.375721 ℹ️ 🕸️ ║ b2fvL9xSE7Ca56GmlH9q2QXX9KSo
2025-12-18 13:11:54.375 24879-24879 flutter                 com.launchgo.stage                   I  2025-12-18 13:11:54.375729 ℹ️ 🕸️ ╟ stream-auth-type: jwt
2025-12-18 13:11:54.375 24879-24879 flutter                 com.launchgo.stage                   I  2025-12-18 13:11:54.375736 ℹ️ 🕸️ ╟ contentType: application/json
2025-12-18 13:11:54.375 24879-24879 flutter                 com.launchgo.stage                   I  2025-12-18 13:11:54.375743 ℹ️ 🕸️ ╟ responseType: ResponseType.json
2025-12-18 13:11:54.375 24879-24879 flutter                 com.launchgo.stage                   I  2025-12-18 13:11:54.375749 ℹ️ 🕸️ ╟ followRedirects: true
2025-12-18 13:11:54.375 24879-24879 flutter                 com.launchgo.stage                   I  2025-12-18 13:11:54.375756 ℹ️ 🕸️ ╟ connectTimeout: 0:00:06.000000
2025-12-18 13:11:54.375 24879-24879 flutter                 com.launchgo.stage                   I  2025-12-18 13:11:54.375764 ℹ️ 🕸️ ╟ receiveTimeout: 0:00:06.000000
2025-12-18 13:11:54.375 24879-24879 flutter                 com.launchgo.stage                   I  2025-12-18 13:11:54.375770 ℹ️ 🕸️ ╚════════════════════════════════════════════════════════════════════════════════════════════════════════════════════════╝
2025-12-18 13:11:54.375 24879-24879 flutter                 com.launchgo.stage                   I  2025-12-18 13:11:54.375781 ℹ️ 🕸️ ╔ Body
2025-12-18 13:11:54.375 24879-24879 flutter                 com.launchgo.stage                   I  2025-12-18 13:11:54.375788 ℹ️ 🕸️ ╟ id:
2025-12-18 13:11:54.375 24879-24879 flutter                 com.launchgo.stage                   I  2025-12-18 13:11:54.375797 ℹ️ 🕸️ ║ dZrA8m7nQkCOObPkV5AR84:APA91bG_xCBZ2bEWYvUllTyiFvQCw06MfLQ9eFW8AvI5XY8iPaUEyk5hfAtmvJoKUHbR9fYDcXwcLMGvgPzI06mD5xt9n13a1
2025-12-18 13:11:54.375 24879-24879 flutter                 com.launchgo.stage                   I  2025-12-18 13:11:54.375805 ℹ️ 🕸️ ║ y5x5m3dChUZHWIBhsuRwAo
2025-12-18 13:11:54.375 24879-24879 flutter                 com.launchgo.stage                   I  2025-12-18 13:11:54.375812 ℹ️ 🕸️ ╟ push_provider: firebase
2025-12-18 13:11:54.375 24879-24879 flutter                 com.launchgo.stage                   I  2025-12-18 13:11:54.375818 ℹ️ 🕸️ ╟ push_provider_name: stage
2025-12-18 13:11:54.375 24879-24879 flutter                 com.launchgo.stage                   I  2025-12-18 13:11:54.375826 ℹ️ 🕸️ ╚════════════════════════════════════════════════════════════════════════════════════════════════════════════════════════╝
2025-12-18 13:11:54.402 24879-24879 flutter                 com.launchgo.stage                   I  2025-12-18 13:11:54.402360 ℹ️ 🔌 Event received: health.check
2025-12-18 13:11:54.402 24879-24879 flutter                 com.launchgo.stage                   I  2025-12-18 13:11:54.402434 ℹ️ 🔌 Connection successful: 69430d94-0a1d-3dc5-0200-0000003ea00e
2025-12-18 13:11:54.402 24879-24879 flutter                 com.launchgo.stage                   I  2025-12-18 13:11:54.402475 ℹ️ 🔌 Starting monitoring events
2025-12-18 13:11:54.402 24879-24879 flutter                 com.launchgo.stage                   I  2025-12-18 13:11:54.402494 ℹ️ 🔌 Starting health check monitor
2025-12-18 13:11:54.402 24879-24879 flutter                 com.launchgo.stage                   I  2025-12-18 13:11:54.402650 ℹ️ 🔌 Sending Event: health.check
2025-12-18 13:11:54.403 24879-24879 flutter                 com.launchgo.stage                   I  2025-12-18 13:11:54.403442 ℹ️ 🔌 Starting reconnection monitor
2025-12-18 13:11:54.403 24879-24879 flutter                 com.launchgo.stage                   I  2025-12-18 13:11:54.403472 ℹ️ 🔌 Needs to reconnect : false
2025-12-18 13:11:54.403 24879-24879 flutter                 com.launchgo.stage                   I  🟢 Stream Chat: User connected successfully - 223372bc-e360-48c1-a0c3-4900c3fe267c (automatically online)
2025-12-18 13:11:54.403 24879-24879 flutter                 com.launchgo.stage                   I  🔔 Stream Chat: Registering FCM token: dZrA8m7nQkCOObPkV5AR...
2025-12-18 13:11:54.404 24879-24879 flutter                 com.launchgo.stage                   I  2025-12-18 13:11:54.404425 ℹ️ 🕸️
2025-12-18 13:11:54.404 24879-24879 flutter                 com.launchgo.stage                   I  2025-12-18 13:11:54.404451 ℹ️ 🕸️ ╔╣ Request ║ POST
2025-12-18 13:11:54.404 24879-24879 flutter                 com.launchgo.stage                   I  2025-12-18 13:11:54.404465 ℹ️ 🕸️ ║  https://chat.stream-io-api.com/devices?api_key=b2xg2crxdpft&user_id=223372bc-e360-48c1-a0c3-4900c3fe267c&connection_id=69430d94-0a1d-3dc5-0200-0000003ea00e
2025-12-18 13:11:54.404 24879-24879 flutter                 com.launchgo.stage                   I  2025-12-18 13:11:54.404481 ℹ️ 🕸️ ╚════════════════════════════════════════════════════════════════════════════════════════════════════════════════════════╝
2025-12-18 13:11:54.404 24879-24879 flutter                 com.launchgo.stage                   I  2025-12-18 13:11:54.404493 ℹ️ 🕸️ ╔ Query Parameters
2025-12-18 13:11:54.404 24879-24879 flutter                 com.launchgo.stage                   I  2025-12-18 13:11:54.404505 ℹ️ 🕸️ ╟ api_key: b2xg2crxdpft
2025-12-18 13:11:54.404 24879-24879 flutter                 com.launchgo.stage                   I  2025-12-18 13:11:54.404514 ℹ️ 🕸️ ╟ user_id: 223372bc-e360-48c1-a0c3-4900c3fe267c
2025-12-18 13:11:54.404 24879-24879 flutter                 com.launchgo.stage                   I  2025-12-18 13:11:54.404522 ℹ️ 🕸️ ╟ connection_id: 69430d94-0a1d-3dc5-0200-0000003ea00e
