2025-12-18 13:11:49.544  1660-1774  ActivityManager         system_server                        I  Start proc 24879:com.launchgo.stage/u0a322 for service {com.launchgo.stage/com.google.android.datatransport.runtime.scheduling.jobscheduling.JobInfoSchedulerService}
2025-12-18 13:11:49.568 24879-24879 Zygote                  zygote64                             I  Process 24879 crated for com.launchgo.stage
2025-12-18 13:11:49.569 24879-24879 .launchgo.stage         zygote64                             I  Using CollectorTypeCMC GC.
2025-12-18 13:11:49.574 24879-24879 .launchgo.stage         zygote64                             E  Not starting debugger since process cannot load the jdwp agent.
2025-12-18 13:11:49.581 24879-24879 nativeloader            com.launchgo.stage                   D  Load libframework-connectivity-tiramisu-jni.so using APEX ns com_android_tethering for caller /apex/com.android.tethering/javalib/framework-connectivity-t.jar: ok
2025-12-18 13:11:49.598 24879-24879 ApplicationLoaders      com.launchgo.stage                   D  Returning zygote-cached class loader: /system/framework/org.apache.http.legacy.jar
2025-12-18 13:11:49.598 24879-24879 ApplicationLoaders      com.launchgo.stage                   D  Returning zygote-cached class loader: /system_ext/framework/androidx.window.extensions.jar
2025-12-18 13:11:49.598 24879-24879 ApplicationLoaders      com.launchgo.stage                   D  Returning zygote-cached class loader: /system_ext/framework/androidx.window.sidecar.jar
2025-12-18 13:11:49.608 24879-24879 nativeloader            com.launchgo.stage                   D  Configuring clns-9 for other apk /data/app/~~KGYtNTbWG6rBX_n5FvXGYQ==/com.launchgo.stage-BwGfvTTQJ635oI3KhjNSfA==/base.apk. target_sdk_version=36, uses_libraries=, library_path=/data/app/~~KGYtNTbWG6rBX_n5FvXGYQ==/com.launchgo.stage-BwGfvTTQJ635oI3KhjNSfA==/lib/arm64:/data/app/~~KGYtNTbWG6rBX_n5FvXGYQ==/com.launchgo.stage-BwGfvTTQJ635oI3KhjNSfA==/base.apk!/lib/arm64-v8a, permitted_path=/data:/mnt/expand:/data/user/0/com.launchgo.stage
2025-12-18 13:11:49.613 24879-24879 GraphicsEnvironment     com.launchgo.stage                   V  Currently set values for:
2025-12-18 13:11:49.613 24879-24879 GraphicsEnvironment     com.launchgo.stage                   V    angle_gl_driver_selection_pkgs=[com.android.angle, com.google.android.apps.tachyon]
2025-12-18 13:11:49.613 24879-24879 GraphicsEnvironment     com.launchgo.stage                   V    angle_gl_driver_selection_values=[angle, native]
2025-12-18 13:11:49.613 24879-24879 GraphicsEnvironment     com.launchgo.stage                   V  com.launchgo.stage is not listed in per-application setting
2025-12-18 13:11:49.613 24879-24879 GraphicsEnvironment     com.launchgo.stage                   V  ANGLE allowlist from config:
2025-12-18 13:11:49.613 24879-24879 GraphicsEnvironment     com.launchgo.stage                   V  com.launchgo.stage is not listed in ANGLE allowlist or settings, returning default
2025-12-18 13:11:49.613 24879-24879 GraphicsEnvironment     com.launchgo.stage                   V  Neither updatable production driver nor prerelease driver is supported.
2025-12-18 13:11:49.619 24879-24879 FirebaseSessions        com.launchgo.stage                   D  Dependency to CRASHLYTICS added.
2025-12-18 13:11:49.620 24879-24879 FirebaseApp             com.launchgo.stage                   I  Device unlocked: initializing all Firebase APIs for app [DEFAULT]
2025-12-18 13:11:49.625 24879-24879 nativeloader            com.launchgo.stage                   D  Load /data/app/~~KGYtNTbWG6rBX_n5FvXGYQ==/com.launchgo.stage-BwGfvTTQJ635oI3KhjNSfA==/base.apk!/lib/arm64-v8a/libdatastore_shared_counter.so using class loader ns clns-9 (caller=/data/app/~~KGYtNTbWG6rBX_n5FvXGYQ==/com.launchgo.stage-BwGfvTTQJ635oI3KhjNSfA==/base.apk): ok
2025-12-18 13:11:49.627 24879-24879 FirebaseSessions        com.launchgo.stage                   D  Initializing Firebase Sessions 3.0.3.
2025-12-18 13:11:49.628 24879-24879 FirebaseCrashlytics     com.launchgo.stage                   I  Initializing Firebase Crashlytics 20.0.3 for com.launchgo.stage
2025-12-18 13:11:49.632 24879-24879 FirebaseSessions        com.launchgo.stage                   D  Subscriber CRASHLYTICS registered.
2025-12-18 13:11:49.633 24879-24897 FirebaseSessions        com.launchgo.stage                   D  Notified CRASHLYTICS of new session ccf92a2136b1440ca7ebf00fb6d685af
2025-12-18 13:11:49.639 24879-24879 FirebaseInitProvider    com.launchgo.stage                   I  FirebaseApp initialization successful
2025-12-18 13:11:49.639 24879-24879 FLTFireContextHolder    com.launchgo.stage                   D  received application context.
2025-12-18 13:11:49.640 24879-24905 ashmem                  com.launchgo.stage                   E  Pinning is deprecated since Android Q. Please use trim or other methods.
2025-12-18 13:11:49.647  1660-2111  JobServiceContext       system_server                        W  Sending onNetworkChanged for a job that isn't started. JobStatus{814e551 #u0a322/-1127403566 com.launchgo.stage/com.google.android.datatransport.runtime.scheduling.jobscheduling.JobInfoSchedulerService u=0 s=10322 TIME=-202ms:none NET READY}
2025-12-18 13:11:49.674 24879-24897 FirebaseCrashlytics     com.launchgo.stage                   I  Saved version control info
2025-12-18 13:11:49.678 24879-24905 TRuntime.C...ortBackend com.launchgo.stage                   I  Making request to: https://firebaselogging-pa.googleapis.com/v1/firelog/legacy/batchlog
2025-12-18 13:11:51.401 24879-24879 FLTFireMsgReceiver      com.launchgo.stage                   D  broadcast received for message
2025-12-18 13:11:51.420 24879-24921 FLTFireMsgService       com.launchgo.stage                   I  Service has not yet started, messages will be queued.
2025-12-18 13:11:51.421 24879-24879 DisplayManager          com.launchgo.stage                   I  Implicitly registering for refresh rate
2025-12-18 13:11:51.433 24879-24931 FirebaseMessaging       com.launchgo.stage                   W  Unable to log event: analytics library is missing
2025-12-18 13:11:51.435 24879-24924 nativeloader            com.launchgo.stage                   D  Load /data/app/~~KGYtNTbWG6rBX_n5FvXGYQ==/com.launchgo.stage-BwGfvTTQJ635oI3KhjNSfA==/base.apk!/lib/arm64-v8a/libflutter.so using class loader ns clns-9 (caller=/data/app/~~KGYtNTbWG6rBX_n5FvXGYQ==/com.launchgo.stage-BwGfvTTQJ635oI3KhjNSfA==/base.apk): ok
2025-12-18 13:11:51.445 24879-24879 FLTFireBGExecutor       com.launchgo.stage                   I  Creating background FlutterEngine instance.
2025-12-18 13:11:51.452 24879-24879 .launchgo.stage         com.launchgo.stage                   W  type=1400 audit(0.0:10324): avc:  denied  { read } for  name="max_map_count" dev="proc" ino=13559909 scontext=u:r:untrusted_app:s0:c66,c257,c512,c768 tcontext=u:object_r:proc_max_map_count:s0 tclass=file permissive=0 app=com.launchgo.stage
2025-12-18 13:11:51.500 24879-24933 vulkan                  com.launchgo.stage                   D  searching for layers in '/data/app/~~KGYtNTbWG6rBX_n5FvXGYQ==/com.launchgo.stage-BwGfvTTQJ635oI3KhjNSfA==/lib/arm64'
2025-12-18 13:11:51.502 24879-24933 vulkan                  com.launchgo.stage                   D  searching for layers in '/data/app/~~KGYtNTbWG6rBX_n5FvXGYQ==/com.launchgo.stage-BwGfvTTQJ635oI3KhjNSfA==/base.apk!/lib/arm64-v8a'
2025-12-18 13:11:51.508 24879-24933 DMABUFHEAPS             com.launchgo.stage                   I  Using DMA-BUF heap named: vframe-secure
2025-12-18 13:11:51.517 24879-24879 AudioSystem             com.launchgo.stage                   D  onNewService: media.audio_policy service obtained 0xb400007981a6e2a0
2025-12-18 13:11:51.523 24879-24879 AudioSystem             com.launchgo.stage                   D  getService: checking for service media.audio_policy: 0xb400007981a6e2a0
2025-12-18 13:11:51.554 24879-24933 flutter                 com.launchgo.stage                   I  [IMPORTANT:flutter/shell/platform/android/android_context_vk_impeller.cc(62)] Using the Impeller rendering backend (Vulkan).
2025-12-18 13:11:51.557 24879-24879 FLTFireContextHolder    com.launchgo.stage                   D  received application context.
2025-12-18 13:11:51.564  1660-7112  Telecom                 system_server                        I  TelecomServiceImpl$1: registerPhoneAccount: account=[[ ] PhoneAccount: ComponentInfo{com.launchgo.stage/com.hiennv.flutter_callkit_incoming.CallkitConnectionService}, ***, UserHandle{0} Capabilities: SelfManaged  Audio Routes: BESW Schemes: tel  Extras: null GroupId: *** SC Restrictions: [NONE]]: TSI.rPA(cls)@ShA
2025-12-18 13:11:51.564  1660-7112  Telecom                 system_server                        I  PhoneAccountRegistrar: Modify account: [ComponentInfo{com.launchgo.stage/com.hiennv.flutter_callkit_incoming.CallkitConnectionService}, ***, UserHandle{0}(lbl: Callkit Incoming In-App Call -> launchgo)]: TSI.rPA(cls)@ShA
2025-12-18 13:11:51.565  1660-7112  Telecom                 system_server                        I  AppLabelProxy: package com.launchgo.stage: name is launchgo: TSI.rPA(cls)@ShA
2025-12-18 13:11:51.569  1660-7112  Telecom                 system_server                        I  CallsManager: handlePhoneAccountChanged: phoneAccount=[[X] PhoneAccount: ComponentInfo{com.launchgo.stage/com.hiennv.flutter_callkit_incoming.CallkitConnectionService}, ***, UserHandle{0} Capabilities: SelfManaged  Audio Routes: BESW Schemes: tel  Extras: null GroupId: *** SC Restrictions: [NONE]]: TSI.rPA(cls)@ShA
2025-12-18 13:11:51.570 24879-24879 InAppCallManager        com.launchgo.stage                   D  PhoneAccount registered.
2025-12-18 13:11:51.592  1660-7112  Telecom                 system_server                        I  TelecomServiceImpl$1: registerPhoneAccount: account=[[ ] PhoneAccount: ComponentInfo{com.launchgo.stage/io.getstream.video.flutter.stream_video_push_notification.IncomingCallConnectionService}, ***, UserHandle{0} Capabilities: SelfManaged  Audio Routes: BESW Schemes: tel  Extras: null GroupId: *** SC Restrictions: [NONE]]: TSI.rPA(cls)@ShE
2025-12-18 13:11:51.592  1660-7112  Telecom                 system_server                        I  PhoneAccountRegistrar: Modify account: [ComponentInfo{com.launchgo.stage/io.getstream.video.flutter.stream_video_push_notification.IncomingCallConnectionService}, ***, UserHandle{0}(lbl: Stream Video In-App Call -> launchgo)]: TSI.rPA(cls)@ShE
2025-12-18 13:11:51.593  1660-7112  Telecom                 system_server                        I  AppLabelProxy: package com.launchgo.stage: name is launchgo: TSI.rPA(cls)@ShE
2025-12-18 13:11:51.596  1660-7112  Telecom                 system_server                        I  CallsManager: handlePhoneAccountChanged: phoneAccount=[[X] PhoneAccount: ComponentInfo{com.launchgo.stage/io.getstream.video.flutter.stream_video_push_notification.IncomingCallConnectionService}, ***, UserHandle{0} Capabilities: SelfManaged  Audio Routes: BESW Schemes: tel  Extras: null GroupId: *** SC Restrictions: [NONE]]: TSI.rPA(cls)@ShE
2025-12-18 13:11:51.597 24879-24879 InAppCallManager        com.launchgo.stage                   D  PhoneAccount registered.
2025-12-18 13:11:51.705 24879-24879 FlutterGeolocator       com.launchgo.stage                   D  Creating service.
2025-12-18 13:11:51.706 24879-24879 FlutterGeolocator       com.launchgo.stage                   D  Binding to location service.
2025-12-18 13:11:51.711 24879-24879 FLTFireMsgService       com.launchgo.stage                   I  FlutterFirebaseMessagingBackgroundService started!
2025-12-18 13:11:51.717 24879-24879 flutter                 com.launchgo.stage                   I
2025-12-18 13:11:51.717 24879-24879 flutter                 com.launchgo.stage                   I  🔔🔔🔔 ========== PUSH NOTIFICATION RECEIVED (BACKGROUND) ========== 🔔🔔🔔
2025-12-18 13:11:51.717 24879-24879 flutter                 com.launchgo.stage                   I  🔔 TIMESTAMP: 2025-12-18T13:11:51.717368
2025-12-18 13:11:51.717 24879-24879 flutter                 com.launchgo.stage                   I  🔔 MESSAGE ID: 0:1766081511103665%1af07338f9fd7ecd
2025-12-18 13:11:51.717 24879-24879 flutter                 com.launchgo.stage                   I  🔔 NOTIFICATION TITLE: null
2025-12-18 13:11:51.717 24879-24879 flutter                 com.launchgo.stage                   I  🔔 NOTIFICATION BODY: null
2025-12-18 13:11:51.717 24879-24879 flutter                 com.launchgo.stage                   I  🔔 DATA PAYLOAD: {call_display_name: , created_by_display_name: Yevhen Mentor, sender: stream.video, receiver_id: 223372bc-e360-48c1-a0c3-4900c3fe267c, call_cid: default:223372bc-e360-48c1-a0c3-4900c3fe267c_1766081510566, video: false, created_by_id: 290507eb-6f9f-4471-aab5-08e6463c9c4c, body: , type: call.ring, title: Yevhen Mentor is calling you, version: v2}
2025-12-18 13:11:51.717 24879-24879 flutter                 com.launchgo.stage                   I  🔔 DATA KEYS: [call_display_name, created_by_display_name, sender, receiver_id, call_cid, video, created_by_id, body, type, title, version]
2025-12-18 13:11:51.717 24879-24879 flutter                 com.launchgo.stage                   I  🔔 FROM: 481027521494
2025-12-18 13:11:51.717 24879-24879 flutter                 com.launchgo.stage                   I  🔔 SENT TIME: 2025-12-18 13:11:51.098
2025-12-18 13:11:51.718 24879-24879 flutter                 com.launchgo.stage                   I  🔔🔔🔔 ========== END RAW PUSH DATA ========== 🔔🔔🔔
2025-12-18 13:11:51.718 24879-24879 flutter                 com.launchgo.stage                   I
2025-12-18 13:11:51.718 24879-24879 flutter                 com.launchgo.stage                   I  📞 ========== BACKGROUND VIDEO CALL NOTIFICATION ==========
2025-12-18 13:11:51.718 24879-24879 flutter                 com.launchgo.stage                   I  📞 Background video call notification detected
2025-12-18 13:11:51.718 24879-24879 flutter                 com.launchgo.stage                   I  📞 Message data: {call_display_name: , created_by_display_name: Yevhen Mentor, sender: stream.video, receiver_id: 223372bc-e360-48c1-a0c3-4900c3fe267c, call_cid: default:223372bc-e360-48c1-a0c3-4900c3fe267c_1766081510566, video: false, created_by_id: 290507eb-6f9f-4471-aab5-08e6463c9c4c, body: , type: call.ring, title: Yevhen Mentor is calling you, version: v2}
2025-12-18 13:11:51.718 24879-24879 flutter                 com.launchgo.stage                   I  📞 Message notification: null
2025-12-18 13:11:51.718 24879-24879 flutter                 com.launchgo.stage                   I  📞 Android: Showing incoming call notification manually (background/terminated)
2025-12-18 13:11:51.718 24879-24879 flutter                 com.launchgo.stage                   I  📞 [Android Background] Showing incoming call notification
2025-12-18 13:11:51.718 24879-24879 flutter                 com.launchgo.stage                   I  📞 [Android Background] Data: {call_display_name: , created_by_display_name: Yevhen Mentor, sender: stream.video, receiver_id: 223372bc-e360-48c1-a0c3-4900c3fe267c, call_cid: default:223372bc-e360-48c1-a0c3-4900c3fe267c_1766081510566, video: false, created_by_id: 290507eb-6f9f-4471-aab5-08e6463c9c4c, body: , type: call.ring, title: Yevhen Mentor is calling you, version: v2}
2025-12-18 13:11:51.718 24879-24879 flutter                 com.launchgo.stage                   I  📞 [Android Background] Raw push data keys: [call_display_name, created_by_display_name, sender, receiver_id, call_cid, video, created_by_id, body, type, title, version]
2025-12-18 13:11:51.718 24879-24879 flutter                 com.launchgo.stage                   I  📞 [Android Background] call_cid from push: default:223372bc-e360-48c1-a0c3-4900c3fe267c_1766081510566
2025-12-18 13:11:51.718 24879-24879 flutter                 com.launchgo.stage                   I  📞 [Android Background] call_id from push: null
2025-12-18 13:11:51.718 24879-24879 flutter                 com.launchgo.stage                   I  📞 [Android Background] id from push: null
2025-12-18 13:11:51.718 24879-24879 flutter                 com.launchgo.stage                   I  📞 [Android Background] Extracted callId from call_cid: 223372bc-e360-48c1-a0c3-4900c3fe267c_1766081510566
2025-12-18 13:11:51.718 24879-24879 flutter                 com.launchgo.stage                   I  📞 [Android Background] FINAL Call ID to use: 223372bc-e360-48c1-a0c3-4900c3fe267c_1766081510566, Caller: Yevhen Mentor
2025-12-18 13:11:51.718 24879-24879 flutter                 com.launchgo.stage                   I  📞 [Android Background] Storing in extra - call_cid: default:223372bc-e360-48c1-a0c3-4900c3fe267c_1766081510566, call_id: 223372bc-e360-48c1-a0c3-4900c3fe267c_1766081510566
2025-12-18 13:11:51.720 24879-24879 flutter                 com.launchgo.stage                   I  📞 [Android Background] Calling FlutterCallkitIncoming.showCallkitIncoming
2025-12-18 13:11:51.722 24879-24879 FlutterWebRTCPlugin     com.launchgo.stage                   W  audioFocusChangeListener [Earpiece(name=Earpiece)] Earpiece(name=Earpiece)
2025-12-18 13:11:51.722 24879-24879 FlutterWebRTCPlugin     com.launchgo.stage                   W  audioFocusChangeListener [Speakerphone(name=Speakerphone), Earpiece(name=Earpiece)] Speakerphone(name=Speakerphone)
2025-12-18 13:11:51.722 24879-24879 FlutterGeolocator       com.launchgo.stage                   D  Flutter engine connected. Connected engine count 1
2025-12-18 13:11:51.730 24879-24879 flutter                 com.launchgo.stage                   I  ✅ [Android Background] Incoming call notification shown
2025-12-18 13:11:51.730 24879-24879 flutter                 com.launchgo.stage                   I  📞 ========== END BACKGROUND VIDEO CALL NOTIFICATION ==========
2025-12-18 13:11:51.751 24879-24879 AudioSystem             com.launchgo.stage                   D  onNewServiceWithAdapter: media.audio_flinger service obtained 0xb4000078b1a191f0
2025-12-18 13:11:51.752 24879-24879 AudioSystem             com.launchgo.stage                   D  getService: checking for service media.audio_flinger: 0xb400007981a1a380
2025-12-18 13:11:51.760 32150-9949  MediaProvider           com...ndroid.providers.media.module  I  Filtering owner package name for com.launchgo.stage, projection: [title_key, instance_id, compilation, disc_number, duration, is_ringtone, album_artist, resolution, orientation, artist, author, inferred_date, height, is_drm, bucket_display_name, is_audiobook, owner_package_name, volume_name, title_resource_uri, date_modified, writer, date_expires, composer, bits_per_sample, _display_name, is_recording, datetaken, mime_type, is_notification, bitrate, cd_track_number, _id, xmp, year, NULL AS oem_metadata, _data, _size, album, genre, is_alarm, title, track, width, is_music, samplerate, album_key, is_favorite, is_trashed, group_id, document_id, artist_id, generation_added, artist_key, genre_key, is_download, generation_modified, is_pending, date_added, is_podcast, capture_framerate, album_id, num_tracks, original_document_id, genre_id, bucket_id, bookmark, relative_path]
2025-12-18 13:11:51.804 24879-24879 Ringtone                com.launchgo.stage                   D  Successfully created local player
2025-12-18 13:11:51.810 24879-24879 MediaPlayer             com.launchgo.stage                   V  resetDrmState:  mDrmInfo=null mDrmProvisioningThread=null mPrepareDrmInProgress=false mActiveDrmScheme=false
2025-12-18 13:11:51.811 24879-24879 MediaPlayer             com.launchgo.stage                   V  cleanDrmObj: mDrmObj=null mDrmSessionId=null
2025-12-18 13:11:51.811 24879-24879 MediaPlayer             com.launchgo.stage                   V  resetDrmState:  mDrmInfo=null mDrmProvisioningThread=null mPrepareDrmInProgress=false mActiveDrmScheme=false
2025-12-18 13:11:51.811 24879-24879 MediaPlayer             com.launchgo.stage                   V  cleanDrmObj: mDrmObj=null mDrmSessionId=null
2025-12-18 13:11:51.816 32150-9949  MediaProvider           com...ndroid.providers.media.module  I  Filtering owner package name for com.launchgo.stage, projection: [title_key, instance_id, compilation, disc_number, duration, is_ringtone, album_artist, resolution, orientation, artist, author, inferred_date, height, is_drm, bucket_display_name, is_audiobook, owner_package_name, volume_name, title_resource_uri, date_modified, writer, date_expires, composer, bits_per_sample, _display_name, is_recording, datetaken, mime_type, is_notification, bitrate, cd_track_number, _id, xmp, year, NULL AS oem_metadata, _data, _size, album, genre, is_alarm, title, track, width, is_music, samplerate, album_key, is_favorite, is_trashed, group_id, document_id, artist_id, generation_added, artist_key, genre_key, is_download, generation_modified, is_pending, date_added, is_podcast, capture_framerate, album_id, num_tracks, original_document_id, genre_id, bucket_id, bookmark, relative_path]
2025-12-18 13:11:51.847 24879-24879 Ringtone                com.launchgo.stage                   D  Successfully created local player
2025-12-18 13:11:51.870  7590-7590  ActivityThread          com....android.apps.pixel.dcservice  D  Package [com.launchgo.stage] reported as REPLACED, but missing application info. Assuming REMOVED.
2025-12-18 13:11:51.872  7590-7590  ActivityThread          com....android.apps.pixel.dcservice  D  Package [com.launchgo.stage] reported as REPLACED, but missing application info. Assuming REMOVED.
2025-12-18 13:11:51.959  7590-7630  AudioEventRegister      com....android.apps.pixel.dcservice  I  initAudioEvent: telephonyState=Idle, audioMode=Normal, audioPlaybackMap=[android.uid.systemui:10238:183=AudioPlayback(packageName=android.uid.systemui:10238, playId=183, uid=10238, playState=Idle, audioUsage=AssistanceSonification), com.launchgo.stage:3143=AudioPlayback(packageName=com.launchgo.stage, playId=3143, uid=10322, playState=Started, audioUsage=NotificationRingtone), android.uid.system:1000:175=AudioPlayback(packageName=android.uid.system:1000, playId=175, uid=1000, playState=Idle, audioUsage=AssistanceSonification)]
2025-12-18 13:11:51.963  7590-7630  CallEventListener       com....android.apps.pixel.dcservice  I  onInitialAudioEventUpdate AudioPlaybackEvent(audioPlaybackMap={com.launchgo.stage:3143=AudioPlayback(packageName=com.launchgo.stage, playId=3143, uid=10322, playState=Started, audioUsage=NotificationRingtone)}), AudioModeEvent(audioMode=Normal), TelephonyEvent(telephonyState=Idle)
2025-12-18 13:11:52.007  1660-27999 AS.AudioService         system_server                        I  AudioHardening background playback would be muted for com.launchgo.stage (10322), level: partial
2025-12-18 13:11:52.052 24879-24905 TRuntime.C...ortBackend com.launchgo.stage                   I  Status Code: 200
2025-12-18 13:11:52.106  1660-1660  Telecom                 system_server                        I  VoipCallMonitor: onNotificationPosted: sbn=[StatusBarNotification(pkg=com.launchgo.stage user=UserHandle{0} id=851505804 tag=null key=0|com.launchgo.stage|851505804|null|10322: Notification(channel=callkit_incoming_channel_id shortcut=null contentView=null vibrate=null sound=null defaults=0 flags=ONGOING_EVENT|ONLY_ALERT_ONCE|HIGH_PRIORITY|NO_DISMISS color=0xff4caf50 category=call actions=2 vis=PUBLIC))]
2025-12-18 13:11:52.108  2652-2652  NotificationListener    com...le.android.apps.nexuslauncher  I  received notification posted event - com.launchgo.stage#UserHandle{0},category=-1
2025-12-18 13:11:53.678  1660-1683  WindowManager           system_server                        V  DesktopModeLaunchParamsModifier: phase= 0 task=null activity=ActivityRecord{160939210 u0 com.launchgo.stage/com.hiennv.flutter_callkit_incoming.TransparentActivity desktop mode is not enabled, skipping
2025-12-18 13:11:53.678  1660-1683  WindowManager           system_server                        V  TaskLaunchParamsModifier:phase=0 task=null activity=ActivityRecord{160939210 u0 com.launchgo.stage/com.hiennv.flutter_callkit_incoming.TransparentActivity t-1} display-from-option=0 display-id=0 task-display-area-windowing-mode=1 suggested-display-area=DefaultTaskDisplayArea@164272853
2025-12-18 13:11:53.678  1660-1683  WindowManager           system_server                        V  DesktopModeLaunchParamsModifier: phase= 3 task=null activity=ActivityRecord{160939210 u0 com.launchgo.stage/com.hiennv.flutter_callkit_incoming.TransparentActivity t-1} desktop mode is not enabled, skipping
2025-12-18 13:11:53.678  1660-1683  WindowManager           system_server                        V  TaskLaunchParamsModifier:phase=3 task=null activity=ActivityRecord{160939210 u0 com.launchgo.stage/com.hiennv.flutter_callkit_incoming.TransparentActivity t-1} display-from-option=0 display-id=0 task-display-area-windowing-mode=1 suggested-display-area=DefaultTaskDisplayArea@164272853 non-freeform-task-display-area display-area=DefaultTaskDisplayArea@164272853 default-portrait freeform-size-mismatch=Rect(276, 694 - 804, 1774)
2025-12-18 13:11:53.680  1660-1683  WindowManager           system_server                        V  DesktopModeLaunchParamsModifier: phase= 3 task=Task{f5d1e3b #611 type=standard A=10322:com.launchgo.stage} activity=ActivityRecord{160939210 u0 com.launchgo.stage/com.hiennv.flutter_callkit_incoming.TransparentActivity t-1} desktop mode is not enabled, skipping
2025-12-18 13:11:53.680  1660-1683  WindowManager           system_server                        V  TaskLaunchParamsModifier:phase=3 task=Task{f5d1e3b #611 type=standard A=10322:com.launchgo.stage} activity=ActivityRecord{160939210 u0 com.launchgo.stage/com.hiennv.flutter_callkit_incoming.TransparentActivity t-1} display-from-option=0 display-id=0 task-display-area-windowing-mode=1 suggested-display-area=DefaultTaskDisplayArea@164272853 inherit-from-task=fullscreen non-freeform-task-display-area display-area=DefaultTaskDisplayArea@164272853 default-portrait freeform-size-mismatch=Rect(276, 694 - 804, 1774)
2025-12-18 13:11:53.682  1660-1683  ActivityTaskManager     system_server                        I  START u0 {act=com.hiennv.flutter_callkit_incoming.ACTION_CALL_ACCEPT flg=0x74030000 xflg=0x4 cmp=com.launchgo.stage/com.hiennv.flutter_callkit_incoming.TransparentActivity (has extras)} with LAUNCH_MULTIPLE from uid 10322 (com.launchgo.stage) (realCallingUid=10238) (BAL_ALLOW_NON_APP_VISIBLE_WINDOW [realCaller]) result code=0
2025-12-18 13:11:53.682  2315-2342  WindowManagerShell      com.android.systemui                 V  Transition requested (#783): android.os.BinderProxy@71cd70a TransitionRequestInfo { type = OPEN, triggerTask = TaskInfo{userId=0 taskId=611 effectiveUid=10322 displayId=0 isRunning=true baseIntent=Intent { act=com.hiennv.flutter_callkit_incoming.ACTION_CALL_ACCEPT flg=0x74030000 cmp=com.launchgo.stage/com.hiennv.flutter_callkit_incoming.TransparentActivity } baseActivity=ComponentInfo{com.launchgo.stage/com.hiennv.flutter_callkit_incoming.TransparentActivity} topActivity=ComponentInfo{com.launchgo.stage/com.hiennv.flutter_callkit_incoming.TransparentActivity} origActivity=null realActivity=ComponentInfo{com.launchgo.stage/com.hiennv.flutter_callkit_incoming.TransparentActivity} numActivities=1 lastActiveTime=793127056 supportsMultiWindow=true resizeMode=1 isResizeable=true minWidth=-1 minHeight=-1 defaultMinSize=220 token=WCT{android.os.BinderProxy@c88cb7b} topActivityType=1 pictureInPictureParams=null shouldDockBigOverlays=false launchIntoPipHostTaskId=-1 lastParentTaskIdBeforePip=-1 displayCutoutSafeInsets=Rect(0, 132 - 0, 0) topActivityInfo=ActivityInfo{604d98 com.hiennv.flutter_callkit_incoming.TransparentActivity} launchCookies=[] positionInParent=Point(0, 0) parentTaskId=-1 isFocused=false isVisible=false isVisibleRequested=false isTopActivityNoDisplay=true isSleeping=false locusId=null displayAreaFeatureId=1 isTopActivityTransparent=true isActivityStackTransparent=true lastNonFullscreenBounds=Rect(276, 694 - 804, 1774) capturedLink=null capturedLinkTimestamp=0 requestedVisibleTypes=-9 topActivityRequestOpenInBrowserEducationTimestamp=0 appCompatTaskInfo=AppCompatTaskInfo { topActivityInSizeCompat=false eligibleForLetterboxEducation= false isLetterboxEducationEnabled= false isLetterboxDoubleTapEnabled= false eligibleForUserAspectRatioButton= false topActivityBoundsLetterboxed= false isFromLetterboxDoubleTap= false topActivityLetterboxVerticalPosition= -1 topActivityLetterboxHorizontalPosition= -1 topActivityLetterboxWidth=-1 topActivityLetterboxHeight=-1 topActivityAppBounds=Rect(0, 0 - 1080, 2400) isUserFullscreenOverrideEnabled=false isSystemFullscreenOverrideEnabled=false hasMinAspectRatioOverride=false topActivityLetterboxBounds=null cameraCompatTaskInfo=CameraCompatTaskInfo { freeformCameraCompatMode=inactiveundefined} topNonResizableActivityAspectRatio=-1.0} topActivityMainWindowFrame=null isAppBubble=false}, pipChange = null, remoteTransition = null, displayChange = null, flags = 0, debugId = 783 }
2025-12-18 13:11:53.688  1660-27999 AppOps                  system_server                        E  attributionTag  not declared in manifest of com.launchgo.stage
2025-12-18 13:11:53.692  1660-27999 AppOps                  system_server                        E  attributionTag  not declared in manifest of com.launchgo.stage
2025-12-18 13:11:53.697  1660-32635 WindowManager           system_server                        V  DesktopModeLaunchParamsModifier: phase= 0 task=null activity=ActivityRecord{238898921 u0 com.launchgo.stage/com.launchgo.MainActivity desktop mode is not enabled, skipping
2025-12-18 13:11:53.697  1660-32635 WindowManager           system_server                        V  TaskLaunchParamsModifier:phase=0 task=null activity=ActivityRecord{238898921 u0 com.launchgo.stage/com.launchgo.MainActivity t-1} display-from-no-display-source=0 display-id=0 task-display-area-windowing-mode=1 suggested-display-area=DefaultTaskDisplayArea@164272853
2025-12-18 13:11:53.697  1660-32635 WindowManager           system_server                        V  DesktopModeLaunchParamsModifier: phase= 3 task=null activity=ActivityRecord{238898921 u0 com.launchgo.stage/com.launchgo.MainActivity t-1} desktop mode is not enabled, skipping
2025-12-18 13:11:53.697  1660-32635 WindowManager           system_server                        V  TaskLaunchParamsModifier:phase=3 task=null activity=ActivityRecord{238898921 u0 com.launchgo.stage/com.launchgo.MainActivity t-1} display-from-no-display-source=0 display-id=0 task-display-area-windowing-mode=1 suggested-display-area=DefaultTaskDisplayArea@164272853 inherit-from-source=fullscreen non-freeform-task-display-area display-area=DefaultTaskDisplayArea@164272853 default-portrait freeform-size-mismatch=Rect(276, 694 - 804, 1774)
2025-12-18 13:11:53.698  1660-32635 WindowManager           system_server                        V  DesktopModeLaunchParamsModifier: phase= 3 task=Task{f5bc76e #612 type=standard A=10322:com.launchgo.stage} activity=ActivityRecord{238898921 u0 com.launchgo.stage/com.launchgo.MainActivity t-1} desktop mode is not enabled, skipping
2025-12-18 13:11:53.698  1660-32635 WindowManager           system_server                        V  TaskLaunchParamsModifier:phase=3 task=Task{f5bc76e #612 type=standard A=10322:com.launchgo.stage} activity=ActivityRecord{238898921 u0 com.launchgo.stage/com.launchgo.MainActivity t-1} display-from-no-display-source=0 display-id=0 task-display-area-windowing-mode=1 suggested-display-area=DefaultTaskDisplayArea@164272853 inherit-from-source=fullscreen non-freeform-task-display-area display-area=DefaultTaskDisplayArea@164272853 default-portrait freeform-size-mismatch=Rect(276, 694 - 804, 1774)
2025-12-18 13:11:53.699  1660-32635 ActivityTaskManager     system_server                        I  Add Task{f5d1e3b #611 type=standard A=10322:com.launchgo.stage} to hidden list because adding Task{f5bc76e #612 type=standard A=10322:com.launchgo.stage}
2025-12-18 13:11:53.700  1660-32635 ActivityTaskManager     system_server                        I  START u0 {act=com.hiennv.flutter_callkit_incoming.ACTION_CALL_ACCEPT cat=[android.intent.category.LAUNCHER] flg=0x24020000 xflg=0x4 pkg=com.launchgo.stage cmp=com.launchgo.stage/com.launchgo.MainActivity (has extras)} with LAUNCH_SINGLE_INSTANCE from uid 10322 (com.launchgo.stage) (sr=160939210) (BAL_ALLOW_VISIBLE_WINDOW) result code=0
2025-12-18 13:11:53.702 24879-24879 CompatChangeReporter    com.launchgo.stage                   D  Compat change id reported: 377864165; UID 10322; state: ENABLED
2025-12-18 13:11:53.702 24879-24879 DesktopExperienceFlags  com.launchgo.stage                   D  Toggle override initialized to: false
2025-12-18 13:11:53.702 24879-24879 DesktopModeFlags        com.launchgo.stage                   D  Toggle override initialized to: OVERRIDE_UNSET
2025-12-18 13:11:53.703  1660-32635 ActivityManager         system_server                        I  Background started FGS: Allowed [callingPackage: com.launchgo.stage; callingUid: 10322; uidState: TOP ; uidBFSL: [BFSL]; intent: Intent { act=com.hiennv.flutter_callkit_incoming.ACTION_CALL_ACCEPT xflg=0x4 cmp=com.launchgo.stage/com.hiennv.flutter_callkit_incoming.CallkitNotificationService (has extras) }; code:PROC_STATE_TOP; tempAllowListReason:<setPendingIntentAllowlistDuration,reason:NotificationManagerService,pendingintent:u0a238:com.hiennv.flutter_callkit_incoming.ACTION_CALL_ACCEPT,reasonCode:NOTIFICATION_SERVICE,duration:30000,callingUid:10238>; allowWiu:12; targetSdkVersion:36; callerTargetSdkVersion:36; startForegroundCount:0; bindFromPackage:null: isBindService:false]
2025-12-18 13:11:53.736  1660-2137  AppOps                  system_server                        E  attributionTag  not declared in manifest of com.launchgo.stage
2025-12-18 13:11:53.739  1660-32635 AppOps                  system_server                        E  attributionTag  not declared in manifest of com.launchgo.stage
2025-12-18 13:11:53.741  1660-27999 AppOps                  system_server                        E  attributionTag  not declared in manifest of com.launchgo.stage
2025-12-18 13:11:53.743  1660-27999 AppOps                  system_server                        E  attributionTag  not declared in manifest of com.launchgo.stage
2025-12-18 13:11:53.744  1660-1743  WindowManager           system_server                        V  Sent Transition (#783) createdAt=12-18 13:11:53.677 via request=TransitionRequestInfo { type = OPEN, triggerTask = TaskInfo{userId=0 taskId=611 effectiveUid=10322 displayId=0 isRunning=true baseIntent=Intent { act=com.hiennv.flutter_callkit_incoming.ACTION_CALL_ACCEPT flg=0x74030000 cmp=com.launchgo.stage/com.hiennv.flutter_callkit_incoming.TransparentActivity } baseActivity=ComponentInfo{com.launchgo.stage/com.hiennv.flutter_callkit_incoming.TransparentActivity} topActivity=ComponentInfo{com.launchgo.stage/com.hiennv.flutter_callkit_incoming.TransparentActivity} origActivity=null realActivity=ComponentInfo{com.launchgo.stage/com.hiennv.flutter_callkit_incoming.TransparentActivity} numActivities=1 lastActiveTime=793127056 supportsMultiWindow=true resizeMode=1 isResizeable=true minWidth=-1 minHeight=-1 defaultMinSize=220 token=WCT{RemoteToken{7da4d15 Task{f5d1e3b #611 type=standard A=10322:com.launchgo.stage}}} topActivityType=1 pictureInPictureParams=null shouldDockBigOverlays=false launchIntoPipHostTaskId=-1 lastParentTaskIdBeforePip=-1 displayCutoutSafeInsets=Rect(0, 132 - 0, 0) topActivityInfo=ActivityInfo{ead682a com.hiennv.flutter_callkit_incoming.TransparentActivity} launchCookies=[] positionInParent=Point(0, 0) parentTaskId=-1 isFocused=false isVisible=false isVisibleRequested=false isTopActivityNoDisplay=true isSleeping=false locusId=null displayAreaFeatureId=1 isTopActivityTransparent=true isActivityStackTransparent=true lastNonFullscreenBounds=Rect(276, 694 - 804, 1774) capturedLink=null capturedLinkTimestamp=0 requestedVisibleTypes=-9 topActivityRequestOpenInBrowserEducationTimestamp=0 appCompatTaskInfo=AppCompatTaskInfo { topActivityInSizeCompat=false eligibleForLetterboxEducation= false isLetterboxEducationEnabled= false isLetterboxDoubleTapEnabled= false eligibleForUserAspectRatioButton= false topActivityBoundsLetterboxed= false isFromLetterboxDoubleTap= false topActivityLetterboxVerticalPosition= -1 topActivityLetterboxHorizontalPosition= -1 topActivityLetterboxWidth=-1 topActivityLetterboxHeight=-1 topActivityAppBounds=Rect(0, 0 - 1080, 2400) isUserFullscreenOverrideEnabled=false isSystemFullscreenOverrideEnabled=false hasMinAspectRatioOverride=false topActivityLetterboxBounds=null cameraCompatTaskInfo=CameraCompatTaskInfo { freeformCameraCompatMode=inactiveundefined} topNonResizableActivityAspectRatio=-1.0} topActivityMainWindowFrame=null isAppBubble=false}, pipChange = null, remoteTransition = null, displayChange = null, flags = 0, debugId = 783 }
2025-12-18 13:11:53.745  1660-1743  WindowManager           system_server                        V      info={id=783 t=OPEN f=0x0 trk=0 r=[0@Point(0, 0)] c=[
                                                                                                            {WCT{RemoteToken{c9fa591 Task{f5bc76e #612 type=standard A=10322:com.launchgo.stage}}} m=OPEN f=MOVE_TO_TOP leash=Surface(name=Task=612)/@0x3f628ff sb=Rect(0, 0 - 1080, 2400) eb=Rect(0, 0 - 1080, 2400) epz=Point(1080, 2400) d=0 endFixedRotation=3 taskParent=-1 winMode=1},
                                                                                                            {WCT{RemoteToken{366f93b Task{d6d8953 #1 type=home}}} m=TO_BACK f=SHOW_WALLPAPER leash=Surface(name=Task=1)/@0xe6bcef8 sb=Rect(0, 0 - 1080, 2400) eb=Rect(0, 0 - 1080, 2400) epz=Point(1080, 2400) d=0 taskParent=-1 winMode=1},
                                                                                                            {m=TO_BACK f=IS_WALLPAPER leash=Surface(name=WallpaperWindowToken{7ec5672})/@0x640816c sb=Rect(0, 0 - 1080, 2400) eb=Rect(0, 0 - 1080, 2400) epz=Point(1080, 2400) d=0}
                                                                                                        ]}
2025-12-18 13:11:53.748 24879-24879 MediaPlayer             com.launchgo.stage                   V  resetDrmState:  mDrmInfo=null mDrmProvisioningThread=null mPrepareDrmInProgress=false mActiveDrmScheme=false
2025-12-18 13:11:53.748 24879-24879 MediaPlayer             com.launchgo.stage                   V  cleanDrmObj: mDrmObj=null mDrmSessionId=null
2025-12-18 13:11:53.748 24879-24879 MediaPlayer             com.launchgo.stage                   V  resetDrmState:  mDrmInfo=null mDrmProvisioningThread=null mPrepareDrmInProgress=false mActiveDrmScheme=false
2025-12-18 13:11:53.748 24879-24879 MediaPlayer             com.launchgo.stage                   V  cleanDrmObj: mDrmObj=null mDrmSessionId=null
2025-12-18 13:11:53.748  1660-32635 AppOps                  system_server                        E  attributionTag  not declared in manifest of com.launchgo.stage
2025-12-18 13:11:53.749  1660-32635 AppOps                  system_server                        E  attributionTag  not declared in manifest of com.launchgo.stage
2025-12-18 13:11:53.750  7590-7630  CallEventListener       com....android.apps.pixel.dcservice  I  onPlaybackConfigChanged: delete AudioPlayback(packageName=com.launchgo.stage, playId=3143, uid=10322, playState=Started, audioUsage=NotificationRingtone)
2025-12-18 13:11:53.753  2652-2652  NotificationListener    com...le.android.apps.nexuslauncher  I  received notification removed event - com.launchgo.stage#UserHandle{0},category=-1
2025-12-18 13:11:53.755  1660-1660  Telecom                 system_server                        I  VoipCallMonitor: onNotificationRemoved: Call-Style notification=[StatusBarNotification(pkg=com.launchgo.stage user=UserHandle{0} id=851505804 tag=null key=0|com.launchgo.stage|851505804|null|10322: Notification(channel=callkit_incoming_channel_id shortcut=null contentView=null vibrate=null sound=null defaults=0 flags=ONGOING_EVENT|ONLY_ALERT_ONCE|HIGH_PRIORITY|NO_DISMISS color=0xff4caf50 category=call actions=2 vis=PUBLIC))] removed
2025-12-18 13:11:53.773 24879-24992 flutter                 com.launchgo.stage                   I  [IMPORTANT:flutter/shell/platform/android/android_context_vk_impeller.cc(62)] Using the Impeller rendering backend (Vulkan).
2025-12-18 13:11:53.778 24879-24879 FLTFireContextHolder    com.launchgo.stage                   D  received application context.
2025-12-18 13:11:53.778  1660-2137  Telecom                 system_server                        I  TelecomServiceImpl$1: registerPhoneAccount: account=[[ ] PhoneAccount: ComponentInfo{com.launchgo.stage/com.hiennv.flutter_callkit_incoming.CallkitConnectionService}, ***, UserHandle{0} Capabilities: SelfManaged  Audio Routes: BESW Schemes: tel  Extras: null GroupId: *** SC Restrictions: [NONE]]: TSI.rPA(cls)@Shc
2025-12-18 13:11:53.778  1660-2137  Telecom                 system_server                        I  PhoneAccountRegistrar: Modify account: [ComponentInfo{com.launchgo.stage/com.hiennv.flutter_callkit_incoming.CallkitConnectionService}, ***, UserHandle{0}(lbl: Callkit Incoming In-App Call -> launchgo)]: TSI.rPA(cls)@Shc
2025-12-18 13:11:53.779  1660-2137  Telecom                 system_server                        I  AppLabelProxy: package com.launchgo.stage: name is launchgo: TSI.rPA(cls)@Shc
2025-12-18 13:11:53.779  1660-2137  Telecom                 system_server                        I  CallsManager: handlePhoneAccountChanged: phoneAccount=[[X] PhoneAccount: ComponentInfo{com.launchgo.stage/com.hiennv.flutter_callkit_incoming.CallkitConnectionService}, ***, UserHandle{0} Capabilities: SelfManaged  Audio Routes: BESW Schemes: tel  Extras: null GroupId: *** SC Restrictions: [NONE]]: TSI.rPA(cls)@Shc
2025-12-18 13:11:53.780 24879-24879 InAppCallManager        com.launchgo.stage                   D  PhoneAccount registered.
2025-12-18 13:11:53.782  1660-2137  Telecom                 system_server                        I  TelecomServiceImpl$1: registerPhoneAccount: account=[[ ] PhoneAccount: ComponentInfo{com.launchgo.stage/io.getstream.video.flutter.stream_video_push_notification.IncomingCallConnectionService}, ***, UserHandle{0} Capabilities: SelfManaged  Audio Routes: BESW Schemes: tel  Extras: null GroupId: *** SC Restrictions: [NONE]]: TSI.rPA(cls)@Shg
2025-12-18 13:11:53.782  1660-2137  Telecom                 system_server                        I  PhoneAccountRegistrar: Modify account: [ComponentInfo{com.launchgo.stage/io.getstream.video.flutter.stream_video_push_notification.IncomingCallConnectionService}, ***, UserHandle{0}(lbl: Stream Video In-App Call -> launchgo)]: TSI.rPA(cls)@Shg
2025-12-18 13:11:53.782  1660-2137  Telecom                 system_server                        I  AppLabelProxy: package com.launchgo.stage: name is launchgo: TSI.rPA(cls)@Shg
2025-12-18 13:11:53.782  1660-2137  Telecom                 system_server                        I  CallsManager: handlePhoneAccountChanged: phoneAccount=[[X] PhoneAccount: ComponentInfo{com.launchgo.stage/io.getstream.video.flutter.stream_video_push_notification.IncomingCallConnectionService}, ***, UserHandle{0} Capabilities: SelfManaged  Audio Routes: BESW Schemes: tel  Extras: null GroupId: *** SC Restrictions: [NONE]]: TSI.rPA(cls)@Shg
2025-12-18 13:11:53.783 24879-24879 InAppCallManager        com.launchgo.stage                   D  PhoneAccount registered.
2025-12-18 13:11:53.783 24879-24879 FlutterWebRTCPlugin     com.launchgo.stage                   W  Warning - Multiple plugin instances detected. Keeping existing singleton.
2025-12-18 13:11:53.783 24879-24879 MainActivity            com.launchgo.stage                   D  📞 MethodChannel configured, pendingCallId: null
2025-12-18 13:11:53.790 24879-24879 MainActivity            com.launchgo.stage                   D  📞 onCreate called
2025-12-18 13:11:53.790 24879-24879 MainActivity            com.launchgo.stage                   D  📞 handleIntent - action: com.hiennv.flutter_callkit_incoming.ACTION_CALL_ACCEPT
2025-12-18 13:11:53.790 24879-24879 MainActivity            com.launchgo.stage                   D  📞 handleIntent - extras: [EXTRA_CALLKIT_CALL_DATA]
2025-12-18 13:11:53.790 24879-24879 MainActivity            com.launchgo.stage                   D  📞 Intent extra - EXTRA_CALLKIT_CALL_DATA: Bundle[mParcelledData.dataSize=3264]
2025-12-18 13:11:53.790 24879-24879 MainActivity            com.launchgo.stage                   D  📞 Found EXTRA_CALLKIT_CALL_DATA bundle, keys: [EXTRA_CALLKIT_INCOMING_CALL_NOTIFICATION_CHANNEL_NAME, EXTRA_CALLKIT_EXTRA, EXTRA_CALLKIT_IS_SHOW_FULL_LOCKED_SCREEN, EXTRA_CALLKIT_IS_CUSTOM_NOTIFICATION, EXTRA_CALLKIT_LOGO_URL, EXTRA_CALLKIT_DURATION, EXTRA_CALLKIT_RINGTONE_PATH, EXTRA_CALLKIT_MISSED_CALL_COUNT, EXTRA_CALLKIT_TYPE, EXTRA_CALLKIT_ACTION_COLOR, EXTRA_CALLKIT_CALLING_ID, EXTRA_CALLKIT_MISSED_CALL_NOTIFICATION_CHANNEL_NAME, EXTRA_CALLKIT_IS_CUSTOM_SMALL_EX_NOTIFICATION, EXTRA_CALLKIT_CALLING_HANG_UP_SHOW, EXTRA_CALLKIT_CALLING_HANG_UP_TEXT, EXTRA_CALLKIT_IS_SHOW_LOGO, EXTRA_CALLKIT_ID, EXTRA_CALLKIT_TEXT_DECLINE, EXTRA_CALLKIT_BACKGROUND_URL, EXTRA_CALLKIT_TEXT_COLOR, EXTRA_CALLKIT_TEXT_ACCEPT, EXTRA_CALLKIT_ACTION_FROM, EXTRA_CALLKIT_AVATAR, EXTRA_CALLKIT_MISSED_CALL_CALLBACK_SHOW, EXTRA_CALLKIT_MISSED_CALL_CALLBACK_TEXT, EXTRA_CALLKIT_CALLING_SHOW, EXTRA_CALLKIT_HANDLE, EXTRA_CALLKIT_MISSED_CALL_SUBTITLE, EXTRA_CALLKIT_IS_SHOW_CALL_ID, EXTRA_CALLKIT_IS_BOT, EXTRA_TIME_START_CALL, EXTRA_CALLKIT_MISSED_CALL_SHOW, EXTRA_CALLKIT_IS_IMPORTANT, EXTRA_CALLKIT_NAME_CALLER, EXTRA_CALLKIT_CALLING_SUBTITLE, EXTRA_CALLKIT_BACKGROUND_COLOR, EXTRA_CALLKIT_HEADERS]
2025-12-18 13:11:53.790 24879-24879 MainActivity            com.launchgo.stage                   D  📞 Bundle[EXTRA_CALLKIT_INCOMING_CALL_NOTIFICATION_CHANNEL_NAME]: null
2025-12-18 13:11:53.790 24879-24879 MainActivity            com.launchgo.stage                   D  📞 Bundle[EXTRA_CALLKIT_EXTRA]: {call_cid=default:223372bc-e360-48c1-a0c3-4900c3fe267c_1766081510566, call_id=223372bc-e360-48c1-a0c3-4900c3fe267c_1766081510566}
2025-12-18 13:11:53.790 24879-24879 MainActivity            com.launchgo.stage                   D  📞 Bundle[EXTRA_CALLKIT_IS_SHOW_FULL_LOCKED_SCREEN]: true
2025-12-18 13:11:53.790 24879-24879 MainActivity            com.launchgo.stage                   D  📞 Bundle[EXTRA_CALLKIT_IS_CUSTOM_NOTIFICATION]: true
2025-12-18 13:11:53.790 24879-24879 MainActivity            com.launchgo.stage                   D  📞 Bundle[EXTRA_CALLKIT_LOGO_URL]:
2025-12-18 13:11:53.790 24879-24879 MainActivity            com.launchgo.stage                   D  📞 Bundle[EXTRA_CALLKIT_DURATION]: 30000
2025-12-18 13:11:53.790 24879-24879 MainActivity            com.launchgo.stage                   D  📞 Bundle[EXTRA_CALLKIT_RINGTONE_PATH]: system_ringtone_default
2025-12-18 13:11:53.790 24879-24879 MainActivity            com.launchgo.stage                   D  📞 Bundle[EXTRA_CALLKIT_MISSED_CALL_COUNT]: 1
2025-12-18 13:11:53.790 24879-24879 MainActivity            com.launchgo.stage                   D  📞 Bundle[EXTRA_CALLKIT_TYPE]: 0
2025-12-18 13:11:53.790 24879-24879 MainActivity            com.launchgo.stage                   D  📞 Bundle[EXTRA_CALLKIT_ACTION_COLOR]: #4CAF50
2025-12-18 13:11:53.790 24879-24879 MainActivity            com.launchgo.stage                   D  📞 Bundle[EXTRA_CALLKIT_CALLING_ID]: null
2025-12-18 13:11:53.790 24879-24879 MainActivity            com.launchgo.stage                   D  📞 Bundle[EXTRA_CALLKIT_MISSED_CALL_NOTIFICATION_CHANNEL_NAME]: null
2025-12-18 13:11:53.790 24879-24879 MainActivity            com.launchgo.stage                   D  📞 Bundle[EXTRA_CALLKIT_IS_CUSTOM_SMALL_EX_NOTIFICATION]: false
2025-12-18 13:11:53.790 24879-24879 MainActivity            com.launchgo.stage                   D  📞 Bundle[EXTRA_CALLKIT_CALLING_HANG_UP_SHOW]: true
2025-12-18 13:11:53.790 24879-24879 MainActivity            com.launchgo.stage                   D  📞 Bundle[EXTRA_CALLKIT_CALLING_HANG_UP_TEXT]: null
2025-12-18 13:11:53.790 24879-24879 MainActivity            com.launchgo.stage                   D  📞 Bundle[EXTRA_CALLKIT_IS_SHOW_LOGO]: false
2025-12-18 13:11:53.790 24879-24879 MainActivity            com.launchgo.stage                   D  📞 Bundle[EXTRA_CALLKIT_ID]: ba3481dc-7780-4280-b2d1-351dcfa123f0
2025-12-18 13:11:53.790 24879-24879 MainActivity            com.launchgo.stage                   D  📞 Bundle[EXTRA_CALLKIT_TEXT_DECLINE]: Decline
2025-12-18 13:11:53.790 24879-24879 MainActivity            com.launchgo.stage                   D  📞 Bundle[EXTRA_CALLKIT_BACKGROUND_URL]:
2025-12-18 13:11:53.790 24879-24879 MainActivity            com.launchgo.stage                   D  📞 Bundle[EXTRA_CALLKIT_TEXT_COLOR]: #ffffff
2025-12-18 13:11:53.790 24879-24879 MainActivity            com.launchgo.stage                   D  📞 Bundle[EXTRA_CALLKIT_TEXT_ACCEPT]: Accept
2025-12-18 13:11:53.790 24879-24879 MainActivity            com.launchgo.stage                   D  📞 Bundle[EXTRA_CALLKIT_ACTION_FROM]: notification
2025-12-18 13:11:53.790 24879-24879 MainActivity            com.launchgo.stage                   D  📞 Bundle[EXTRA_CALLKIT_AVATAR]:
2025-12-18 13:11:53.790 24879-24879 MainActivity            com.launchgo.stage                   D  📞 Bundle[EXTRA_CALLKIT_MISSED_CALL_CALLBACK_SHOW]: true
2025-12-18 13:11:53.790 24879-24879 MainActivity            com.launchgo.stage                   D  📞 Bundle[EXTRA_CALLKIT_MISSED_CALL_CALLBACK_TEXT]:
2025-12-18 13:11:53.790 24879-24879 MainActivity            com.launchgo.stage                   D  📞 Bundle[EXTRA_CALLKIT_CALLING_SHOW]: true
2025-12-18 13:11:53.790 24879-24879 MainActivity            com.launchgo.stage                   D  📞 Bundle[EXTRA_CALLKIT_HANDLE]:
